Archive member included because of file (symbol)

build/sky/contiki-ng-sky.a(uart1-putchar.o)
                              build/sky/obj/contiki-main.o (putchar)
build/sky/contiki-ng-sky.a(platform.o)
                              build/sky/obj/contiki-main.o (platform_init_stage_one)
build/sky/contiki-ng-sky.a(msp430.o)
                              build/sky/contiki-ng-sky.a(platform.o) (msp430_dco_required)
build/sky/contiki-ng-sky.a(clock.o)
                              build/sky/obj/contiki-main.o (clock_init)
build/sky/contiki-ng-sky.a(leds.o)
                              build/sky/contiki-ng-sky.a(platform.o) (leds_init)
build/sky/contiki-ng-sky.a(leds-arch.o)
                              build/sky/contiki-ng-sky.a(leds.o) (leds_arch_init)
build/sky/contiki-ng-sky.a(watchdog.o)
                              build/sky/obj/contiki-main.o (watchdog_start)
build/sky/contiki-ng-sky.a(autostart.o)
                              build/sky/obj/contiki-main.o (autostart_start)
build/sky/contiki-ng-sky.a(energest.o)
                              build/sky/obj/contiki-main.o (energest_init)
build/sky/contiki-ng-sky.a(etimer.o)
                              build/sky/contiki-ng-sky.a(clock.o) (etimer_request_poll)
build/sky/contiki-ng-sky.a(log.o)
                              build/sky/obj/contiki-main.o (log_6addr)
build/sky/contiki-ng-sky.a(ctimer.o)
                              build/sky/obj/contiki-main.o (ctimer_init)
build/sky/contiki-ng-sky.a(process.o)
                              build/sky/contiki-ng-sky.a(etimer.o) (process_current)
build/sky/contiki-ng-sky.a(rtimer.o)
                              build/sky/obj/contiki-main.o (rtimer_init)
build/sky/contiki-ng-sky.a(node-id.o)
                              build/sky/obj/contiki-main.o (node_id_init)
build/sky/contiki-ng-sky.a(timer.o)
                              build/sky/contiki-ng-sky.a(platform.o) (timer_set)
build/sky/contiki-ng-sky.a(stack-check.o)
                              build/sky/obj/contiki-main.o (stack_check_init)
build/sky/contiki-ng-sky.a(list.o)
                              build/sky/contiki-ng-sky.a(ctimer.o) (list_init)
build/sky/contiki-ng-sky.a(random.o)
                              build/sky/contiki-ng-sky.a(platform.o) (random_init)
build/sky/contiki-ng-sky.a(queuebuf.o)
                              build/sky/obj/contiki-main.o (queuebuf_init)
build/sky/contiki-ng-sky.a(packetbuf.o)
                              build/sky/contiki-ng-sky.a(queuebuf.o) (packetbuf_copyto)
build/sky/contiki-ng-sky.a(netstack.o)
                              build/sky/obj/contiki-main.o (netstack_init)
build/sky/contiki-ng-sky.a(linkaddr.o)
                              build/sky/contiki-ng-sky.a(platform.o) (linkaddr_copy)
build/sky/contiki-ng-sky.a(csma.o)
                              build/sky/obj/contiki-main.o (csma_driver)
build/sky/contiki-ng-sky.a(csma-output.o)
                              build/sky/contiki-ng-sky.a(csma.o) (csma_output_packet)
build/sky/contiki-ng-sky.a(uip-ds6.o)
                              build/sky/obj/contiki-main.o (uip_ds6_get_link_local)
build/sky/contiki-ng-sky.a(uiplib.o)
                              build/sky/contiki-ng-sky.a(log.o) (uiplib_ipaddr_snprint)
build/sky/contiki-ng-sky.a(tcpip.o)
                              build/sky/obj/contiki-main.o (tcpip_process)
build/sky/contiki-ng-sky.a(uip-ds6-route.o)
                              build/sky/contiki-ng-sky.a(uip-ds6.o) (uip_ds6_route_init)
build/sky/contiki-ng-sky.a(uip-ds6-nbr.o)
                              build/sky/contiki-ng-sky.a(uip-ds6.o) (uip_ds6_neighbors_init)
build/sky/contiki-ng-sky.a(uip6.o)
                              build/sky/contiki-ng-sky.a(tcpip.o) (uip_aligned_buf)
build/sky/contiki-ng-sky.a(uip-nd6.o)
                              build/sky/contiki-ng-sky.a(uip6.o) (uip_nd6_init)
build/sky/contiki-ng-sky.a(sicslowpan.o)
                              build/sky/obj/contiki-main.o (sicslowpan_driver)
build/sky/contiki-ng-sky.a(rpl.o)
                              build/sky/obj/contiki-main.o (rpl_lite_driver)
build/sky/contiki-ng-sky.a(rpl-dag-root.o)
                              build/sky/contiki-ng-sky.a(rpl.o) (rpl_dag_root_set_prefix)
build/sky/contiki-ng-sky.a(contiki-sky-pla)
                              build/sky/contiki-ng-sky.a(platform.o) (init_platform)
build/sky/contiki-ng-sky.a(button-sensor.o)
                              build/sky/contiki-ng-sky.a(contiki-sky-pla) (button_sensor)
build/sky/contiki-ng-sky.a(ds2411.o)
                              build/sky/contiki-ng-sky.a(platform.o) (ds2411_init)
build/sky/contiki-ng-sky.a(xmem.o)
                              build/sky/contiki-ng-sky.a(platform.o) (xmem_init)
build/sky/contiki-ng-sky.a(sensors.o)
                              build/sky/contiki-ng-sky.a(button-sensor.o) (sensors_changed)
build/sky/contiki-ng-sky.a(cc2420.o)
                              build/sky/contiki-ng-sky.a(platform.o) (cc2420_set_pan_addr)
[...]
Memory Configuration

Name             Origin             Length             Attributes
sfr              0x0000000000000000 0x0000000000000010
peripheral_8bit  0x0000000000000010 0x00000000000000f0
peripheral_16bit 0x0000000000000100 0x0000000000000100
ram_mirror       0x0000000000000200 0x0000000000000800 xw
infomem          0x0000000000001000 0x0000000000000100
infob            0x0000000000001000 0x0000000000000080
infoa            0x0000000000001080 0x0000000000000080
ram              0x0000000000001100 0x0000000000002800 xw
rom              0x0000000000004000 0x000000000000bfe0 xr
vectors          0x000000000000ffe0 0x0000000000000020
bsl              0x0000000000000000 0x0000000000000000
infoc            0x0000000000000000 0x0000000000000000
infod            0x0000000000000000 0x0000000000000000
ram2             0x0000000000000000 0x0000000000000000 xw
usbram           0x0000000000000000 0x0000000000000000 xw
far_rom          0x0000000000000000 0x0000000000000000
*default*        0x0000000000000000 0xffffffffffffffff

Linker script and memory map

LOAD /usr/lib/gcc/msp430/4.6.3/mmpy-16/crt0ivtbl16.o
                0x0000000000002caa                _stack = _end
LOAD ledp.o
LOAD build/sky/obj/contiki-main.o
LOAD build/sky/contiki-ng-sky.a
LOAD /usr/lib/gcc/msp430/4.6.3/mmpy-16/libgcc.a
LOAD /usr/lib/gcc/msp430/4.6.3/../../../../msp430/lib/mmpy-16/libc.a
LOAD /usr/lib/gcc/msp430/4.6.3/mmpy-16/libgcc.a
LOAD /usr/lib/gcc/msp430/4.6.3/mmpy-16/libcrt0.a
                0x0000000000000080                PROVIDE (__info_segment_size, 0x80)
                0x0000000000001000                PROVIDE (__infob, 0x1000)
                0x0000000000001080                PROVIDE (__infoa, 0x1080)
                0x0000000000000000                __IE1 = 0x0
                0x0000000000000002                __IFG1 = 0x2
                0x0000000000000004                __ME1 = 0x4
                0x0000000000000001                __IE2 = 0x1
                0x0000000000000003                __IFG2 = 0x3
                0x0000000000000005                __ME2 = 0x5
                0x0000000000000120                __WDTCTL = 0x120
                0x0000000000000130                __MPY = 0x130
                0x0000000000000132                __MPYS = 0x132
                0x0000000000000134                __MAC = 0x134
                0x0000000000000136                __MACS = 0x136
                0x0000000000000138                __OP2 = 0x138
                0x000000000000013a                __RESLO = 0x13a
                0x000000000000013c                __RESHI = 0x13c
                0x000000000000013e                __SUMEXT = 0x13e
                0x0000000000000020                __P1IN = 0x20
                0x0000000000000021                __P1OUT = 0x21
                0x0000000000000022                __P1DIR = 0x22
                0x0000000000000023                __P1IFG = 0x23
                0x0000000000000024                __P1IES = 0x24
                0x0000000000000025                __P1IE = 0x25
                0x0000000000000026                __P1SEL = 0x26
                0x0000000000000028                __P2IN = 0x28
                0x0000000000000029                __P2OUT = 0x29
                0x000000000000002a                __P2DIR = 0x2a
                0x000000000000002b                __P2IFG = 0x2b
                0x000000000000002c                __P2IES = 0x2c
                0x000000000000002d                __P2IE = 0x2d
                0x000000000000002e                __P2SEL = 0x2e
                0x0000000000000018                __P3IN = 0x18
                0x0000000000000019                __P3OUT = 0x19
                0x000000000000001a                __P3DIR = 0x1a
                0x000000000000001b                __P3SEL = 0x1b
                0x000000000000001c                __P4IN = 0x1c
                0x000000000000001d                __P4OUT = 0x1d
                0x000000000000001e                __P4DIR = 0x1e
                0x000000000000001f                __P4SEL = 0x1f
                0x0000000000000030                __P5IN = 0x30
                0x0000000000000031                __P5OUT = 0x31
                0x0000000000000032                __P5DIR = 0x32
                0x0000000000000033                __P5SEL = 0x33
                0x0000000000000034                __P6IN = 0x34
                0x0000000000000035                __P6OUT = 0x35
                0x0000000000000036                __P6DIR = 0x36
                0x0000000000000037                __P6SEL = 0x37
                0x0000000000000070                __U0CTL = 0x70
                0x0000000000000071                __U0TCTL = 0x71
                0x0000000000000072                __U0RCTL = 0x72
                0x0000000000000073                __U0MCTL = 0x73
                0x0000000000000074                __U0BR0 = 0x74
                0x0000000000000075                __U0BR1 = 0x75
                0x0000000000000076                __U0RXBUF = 0x76
                0x0000000000000077                __U0TXBUF = 0x77
                0x0000000000000078                __U1CTL = 0x78
                0x0000000000000079                __U1TCTL = 0x79
                0x000000000000007a                __U1RCTL = 0x7a
                0x000000000000007b                __U1MCTL = 0x7b
                0x000000000000007c                __U1BR0 = 0x7c
                0x000000000000007d                __U1BR1 = 0x7d
                0x000000000000007e                __U1RXBUF = 0x7e
                0x000000000000007f                __U1TXBUF = 0x7f
                0x0000000000000050                __I2CIE = 0x50
                0x0000000000000051                __I2CIFG = 0x51
                0x0000000000000052                __I2CNDAT = 0x52
                0x0000000000000071                __I2CTCTL = 0x71
                0x0000000000000072                __I2CDCTL = 0x72
                0x0000000000000073                __I2CPSC = 0x73
                0x0000000000000074                __I2CSCLH = 0x74
                0x0000000000000075                __I2CSCLL = 0x75
                0x0000000000000076                __I2CDRB = 0x76
                0x0000000000000076                __I2CDRW = 0x76
                0x0000000000000118                __I2COA = 0x118
                0x000000000000011a                __I2CSA = 0x11a
                0x000000000000011c                __I2CIV = 0x11c
                0x000000000000012e                __TAIV = 0x12e
                0x0000000000000160                __TACTL = 0x160
                0x0000000000000162                __TACCTL0 = 0x162
                0x0000000000000164                __TACCTL1 = 0x164
                0x0000000000000166                __TACCTL2 = 0x166
                0x0000000000000170                __TAR = 0x170
                0x0000000000000172                __TACCR0 = 0x172
                0x0000000000000174                __TACCR1 = 0x174
                0x0000000000000176                __TACCR2 = 0x176
                0x000000000000011e                __TBIV = 0x11e
                0x0000000000000180                __TBCTL = 0x180
                0x0000000000000182                __TBCCTL0 = 0x182
                0x0000000000000184                __TBCCTL1 = 0x184
                0x0000000000000186                __TBCCTL2 = 0x186
                0x0000000000000188                __TBCCTL3 = 0x188
                0x000000000000018a                __TBCCTL4 = 0x18a
                0x000000000000018c                __TBCCTL5 = 0x18c
                0x000000000000018e                __TBCCTL6 = 0x18e
                0x0000000000000190                __TBR = 0x190
                0x0000000000000192                __TBCCR0 = 0x192
                0x0000000000000194                __TBCCR1 = 0x194
                0x0000000000000196                __TBCCR2 = 0x196
                0x0000000000000198                __TBCCR3 = 0x198
                0x000000000000019a                __TBCCR4 = 0x19a
                0x000000000000019c                __TBCCR5 = 0x19c
                0x000000000000019e                __TBCCR6 = 0x19e
                0x0000000000000056                __DCOCTL = 0x56
                0x0000000000000057                __BCSCTL1 = 0x57
                0x0000000000000058                __BCSCTL2 = 0x58
                0x0000000000000055                __SVSCTL = 0x55
                0x0000000000000128                __FCTL1 = 0x128
                0x000000000000012a                __FCTL2 = 0x12a
                0x000000000000012c                __FCTL3 = 0x12c
                0x0000000000000059                __CACTL1 = 0x59
                0x000000000000005a                __CACTL2 = 0x5a
                0x000000000000005b                __CAPD = 0x5b
                0x00000000000001a0                __ADC12CTL0 = 0x1a0
                0x00000000000001a2                __ADC12CTL1 = 0x1a2
                0x00000000000001a4                __ADC12IFG = 0x1a4
                0x00000000000001a6                __ADC12IE = 0x1a6
                0x00000000000001a8                __ADC12IV = 0x1a8
                0x0000000000000140                __ADC12MEM0 = 0x140
                0x0000000000000142                __ADC12MEM1 = 0x142
                0x0000000000000144                __ADC12MEM2 = 0x144
                0x0000000000000146                __ADC12MEM3 = 0x146
                0x0000000000000148                __ADC12MEM4 = 0x148
                0x000000000000014a                __ADC12MEM5 = 0x14a
                0x000000000000014c                __ADC12MEM6 = 0x14c
                0x000000000000014e                __ADC12MEM7 = 0x14e
                0x0000000000000150                __ADC12MEM8 = 0x150
                0x0000000000000152                __ADC12MEM9 = 0x152
                0x0000000000000154                __ADC12MEM10 = 0x154
                0x0000000000000156                __ADC12MEM11 = 0x156
                0x0000000000000158                __ADC12MEM12 = 0x158
                0x000000000000015a                __ADC12MEM13 = 0x15a
                0x000000000000015c                __ADC12MEM14 = 0x15c
                0x000000000000015e                __ADC12MEM15 = 0x15e
                0x0000000000000080                __ADC12MCTL0 = 0x80
                0x0000000000000081                __ADC12MCTL1 = 0x81
                0x0000000000000082                __ADC12MCTL2 = 0x82
                0x0000000000000083                __ADC12MCTL3 = 0x83
                0x0000000000000084                __ADC12MCTL4 = 0x84
                0x0000000000000085                __ADC12MCTL5 = 0x85
                0x0000000000000086                __ADC12MCTL6 = 0x86
                0x0000000000000087                __ADC12MCTL7 = 0x87
                0x0000000000000088                __ADC12MCTL8 = 0x88
                0x0000000000000089                __ADC12MCTL9 = 0x89
                0x000000000000008a                __ADC12MCTL10 = 0x8a
                0x000000000000008b                __ADC12MCTL11 = 0x8b
                0x000000000000008c                __ADC12MCTL12 = 0x8c
                0x000000000000008d                __ADC12MCTL13 = 0x8d
                0x000000000000008e                __ADC12MCTL14 = 0x8e
                0x000000000000008f                __ADC12MCTL15 = 0x8f
                0x00000000000001c0                __DAC12_0CTL = 0x1c0
                0x00000000000001c2                __DAC12_1CTL = 0x1c2
                0x00000000000001c8                __DAC12_0DAT = 0x1c8
                0x00000000000001ca                __DAC12_1DAT = 0x1ca
                0x0000000000000122                __DMACTL0 = 0x122
                0x0000000000000124                __DMACTL1 = 0x124
                0x00000000000001e0                __DMA0CTL = 0x1e0
                0x00000000000001e8                __DMA1CTL = 0x1e8
                0x00000000000001f0                __DMA2CTL = 0x1f0
                0x00000000000001e2                __DMA0SA = 0x1e2
                0x00000000000001e4                __DMA0DA = 0x1e4
                0x00000000000001e6                __DMA0SZ = 0x1e6
                0x00000000000001ea                __DMA1SA = 0x1ea
                0x00000000000001ec                __DMA1DA = 0x1ec
                0x00000000000001ee                __DMA1SZ = 0x1ee
                0x00000000000001f2                __DMA2SA = 0x1f2
                0x00000000000001f4                __DMA2DA = 0x1f4
                0x00000000000001f6                __DMA2SZ = 0x1f6

.hash
 *(.hash)

.dynsym
 *(.dynsym)

.dynstr
 *(.dynstr)

.gnu.version
 *(.gnu.version)

.gnu.version_d
 *(.gnu.version_d)

.gnu.version_r
 *(.gnu.version_r)

.rel.init
 *(.rel.init)

.rela.init
 *(.rela.init)

.rel.fini
 *(.rel.fini)

.rela.fini
 *(.rela.fini)

.rel.text
 *(.rel.text .rel.text.* .rel.gnu.linkonce.t.*)

.rela.text
 *(.rela.text .rela.text.* .rela.gnu.linkonce.t.*)

.rel.rodata
 *(.rel.rodata .rel.rodata.* .rel.gnu.linkonce.r.*)

.rela.rodata
 *(.rela.rodata .rela.rodata.* .rela.gnu.linkonce.r.*)

.rel.data
 *(.rel.data .rel.data.* .rel.gnu.linkonce.d.*)

.rela.data
 *(.rela.data .rela.data.* .rela.gnu.linkonce.d.*)

.rel.bss
 *(.rel.bss .rel.bss.* .rel.gnu.linkonce.b.*)

.rela.bss
 *(.rela.bss .rela.bss.* .rela.gnu.linkonce.b.*)

.rel.ctors
 *(.rel.ctors)

.rela.ctors
 *(.rela.ctors)

.rel.dtors
 *(.rel.dtors)

.rela.dtors
 *(.rela.dtors)

.rel.got
 *(.rel.got)

.rela.got
 *(.rela.got)

.rel.plt
 *(.rel.plt)

.rela.plt
 *(.rela.plt)

.text           0x0000000000004000     0xaa6c
                0x0000000000004000                . = ALIGN (0x2)
 *(.init .init.*)
 *(.init0)
 .init0         0x0000000000004000        0x0 /usr/lib/gcc/msp430/4.6.3/mmpy-16/libcrt0.a(_reset_vector__.o)
                0x0000000000004000                _reset_vector__
 *(.init1)
 .init1         0x0000000000004000        0xc /usr/lib/gcc/msp430/4.6.3/mmpy-16/libcrt0.a(__watchdog_support.o)
                0x0000000000004000                __watchdog_support
 *(.init2)
 .init2         0x000000000000400c        0x4 /usr/lib/gcc/msp430/4.6.3/mmpy-16/libcrt0.a(__init_stack.o)
                0x000000000000400c                __init_stack
 *(.init3)
 .init3         0x0000000000004010        0x0 /usr/lib/gcc/msp430/4.6.3/mmpy-16/libcrt0.a(__low_level_init.o)
                0x0000000000004010                __low_level_init
 *(.init4)
 .init4         0x0000000000004010       0x18 /usr/lib/gcc/msp430/4.6.3/mmpy-16/libcrt0.a(_copy_data.o)
                0x0000000000004010                __do_copy_data
 .init4         0x0000000000004028       0x16 /usr/lib/gcc/msp430/4.6.3/mmpy-16/libcrt0.a(_clear_bss.o)
                0x0000000000004028                __do_clear_bss
 *(.init5)
 *(.init6)
 *(.init7)
 *(.init8)
 *(.init9)
 .init9         0x000000000000403e      0x232 build/sky/obj/contiki-main.o
                0x000000000000403e                main
 *(.fini9)
 .fini9         0x0000000000004270        0x0 /usr/lib/gcc/msp430/4.6.3/mmpy-16/libcrt0.a(__stop_progExec__.o)
                0x0000000000004270                __stop_progExec__
 *(.fini8)
 *(.fini7)
 *(.fini6)
 *(.fini5)
 *(.fini4)
 *(.fini3)
 *(.fini2)
 *(.fini1)
 *(.fini0)
 .fini0         0x0000000000004270        0x6 /usr/lib/gcc/msp430/4.6.3/mmpy-16/libcrt0.a(_endless_loop__.o)
                0x0000000000004270                _endless_loop__
 *(.fini .fini.*)
                0x0000000000004276                . = ALIGN (0x2)
                0x0000000000004276                __ctors_start = .
 *(.ctors)
                0x0000000000004276                __ctors_end = .
                0x0000000000004276                __dtors_start = .
 *(.dtors)
                0x0000000000004276                __dtors_end = .
                0x0000000000004276                . = ALIGN (0x2)
 *(.text .text.* .gnu.linkonce.t.*)
 .text          0x0000000000004276        0x4 /usr/lib/gcc/msp430/4.6.3/mmpy-16/crt0ivtbl16.o
                0x0000000000004276                __isr_14
                0x0000000000004276                __isr_11
                0x0000000000004276                __isr_2
                0x0000000000004276                __isr_7
                0x0000000000004276                __isr_0
                0x0000000000004276                __isr_8
                0x0000000000004276                __isr_3
                0x0000000000004276                __isr_12
                0x0000000000004276                __isr_13
                0x0000000000004276                __isr_9
 .text.process_thread_blink_process
                0x000000000000427a       0x6e ledp.o
 .text.putchar  0x00000000000042e8       0x10 build/sky/contiki-ng-sky.a(uart1-putchar.o)
                0x00000000000042e8                putchar
 .text.platform_init_stage_one
                0x00000000000042f8       0x12 build/sky/contiki-ng-sky.a(platform.o)
                0x00000000000042f8                platform_init_stage_one
 .text.platform_init_stage_two
                0x000000000000430a       0x66 build/sky/contiki-ng-sky.a(platform.o)
                0x000000000000430a                platform_init_stage_two
 .text.platform_init_stage_three
                0x0000000000004370       0x7a build/sky/contiki-ng-sky.a(platform.o)
                0x0000000000004370                platform_init_stage_three
 .text.platform_idle
                0x00000000000043ea       0x54 build/sky/contiki-ng-sky.a(platform.o)
                0x00000000000043ea                platform_idle
 .text.msp430_init_dco
                0x000000000000443e       0x84 build/sky/contiki-ng-sky.a(msp430.o)
                0x000000000000443e                msp430_init_dco
 .text.msp430_add_lpm_req
                0x00000000000044c2        0xc build/sky/contiki-ng-sky.a(msp430.o)
                0x00000000000044c2                msp430_add_lpm_req
 .text.msp430_cpu_init
                0x00000000000044ce       0x2a build/sky/contiki-ng-sky.a(msp430.o)
                0x00000000000044ce                msp430_cpu_init
 .text.splhigh_
                0x00000000000044f8        0x8 build/sky/contiki-ng-sky.a(msp430.o)
                0x00000000000044f8                splhigh_
 .text.msp430_sync_dco
                0x0000000000004500       0x68 build/sky/contiki-ng-sky.a(msp430.o)
                0x0000000000004500                msp430_sync_dco
 .text.timera1  0x0000000000004568       0xdc build/sky/contiki-ng-sky.a(clock.o)
                0x0000000000004568                __isr_5
                0x0000000000004568                timera1
 .text.clock_time
                0x0000000000004644       0x1a build/sky/contiki-ng-sky.a(clock.o)
                0x0000000000004644                clock_time
 .text.clock_init
                0x000000000000465e       0x28 build/sky/contiki-ng-sky.a(clock.o)
                0x000000000000465e                clock_init
 .text.clock_delay
                0x0000000000004686        0xc build/sky/contiki-ng-sky.a(clock.o)
                0x0000000000004686                clock_delay
 .text.clock_seconds
                0x0000000000004692       0x1a build/sky/contiki-ng-sky.a(clock.o)
                0x0000000000004692                clock_seconds
 .text.leds_init
                0x00000000000046ac        0x6 build/sky/contiki-ng-sky.a(leds.o)
                0x00000000000046ac                leds_init
 .text.leds_get
                0x00000000000046b2        0x6 build/sky/contiki-ng-sky.a(leds.o)
                0x00000000000046b2                leds_get
 .text.leds_on  0x00000000000046b8       0x12 build/sky/contiki-ng-sky.a(leds.o)
                0x00000000000046b8                leds_on
 .text.leds_off
                0x00000000000046ca       0x12 build/sky/contiki-ng-sky.a(leds.o)
                0x00000000000046ca                leds_off
 .text.leds_arch_init
                0x00000000000046dc        0xe build/sky/contiki-ng-sky.a(leds-arch.o)
                0x00000000000046dc                leds_arch_init
 .text.leds_arch_get
                0x00000000000046ea       0x36 build/sky/contiki-ng-sky.a(leds-arch.o)
                0x00000000000046ea                leds_arch_get
 .text.leds_arch_set
                0x0000000000004720       0x40 build/sky/contiki-ng-sky.a(leds-arch.o)
                0x0000000000004720                leds_arch_set
 .text.watchdog_interrupt
                0x0000000000004760        0x6 build/sky/contiki-ng-sky.a(watchdog.o)
                0x0000000000004760                __isr_10
                0x0000000000004760                watchdog_interrupt
 .text.watchdog_start
                0x0000000000004766       0x14 build/sky/contiki-ng-sky.a(watchdog.o)
                0x0000000000004766                watchdog_start
 .text.watchdog_periodic
                0x000000000000477a       0x12 build/sky/contiki-ng-sky.a(watchdog.o)
                0x000000000000477a                watchdog_periodic
 .text.watchdog_stop
                0x000000000000478c       0x16 build/sky/contiki-ng-sky.a(watchdog.o)
                0x000000000000478c                watchdog_stop
 .text.watchdog_init
                0x00000000000047a2       0x14 build/sky/contiki-ng-sky.a(watchdog.o)
                0x00000000000047a2                watchdog_init
 .text.autostart_start
                0x00000000000047b6       0x16 build/sky/contiki-ng-sky.a(autostart.o)
                0x00000000000047b6                autostart_start
 .text.energest_init
                0x00000000000047cc        0x2 build/sky/contiki-ng-sky.a(energest.o)
                0x00000000000047cc                energest_init
 .text.energest_flush
                0x00000000000047ce        0x2 build/sky/contiki-ng-sky.a(energest.o)
                0x00000000000047ce                energest_flush
 .text.update_time
                0x00000000000047d0       0x78 build/sky/contiki-ng-sky.a(etimer.o)
 .text.etimer_request_poll
                0x0000000000004848        0xa build/sky/contiki-ng-sky.a(etimer.o)
                0x0000000000004848                etimer_request_poll
 .text.process_thread_etimer_process
                0x0000000000004852       0xc8 build/sky/contiki-ng-sky.a(etimer.o)
 .text.add_timer
                0x000000000000491a       0x40 build/sky/contiki-ng-sky.a(etimer.o)
 .text.etimer_set
                0x000000000000495a       0x12 build/sky/contiki-ng-sky.a(etimer.o)
                0x000000000000495a                etimer_set
 .text.etimer_reset
                0x000000000000496c       0x12 build/sky/contiki-ng-sky.a(etimer.o)
                0x000000000000496c                etimer_reset
 .text.etimer_expired
                0x000000000000497e        0xe build/sky/contiki-ng-sky.a(etimer.o)
                0x000000000000497e                etimer_expired
 .text.etimer_pending
                0x000000000000498c        0xc build/sky/contiki-ng-sky.a(etimer.o)
                0x000000000000498c                etimer_pending
 .text.etimer_next_expiration_time
                0x0000000000004998       0x16 build/sky/contiki-ng-sky.a(etimer.o)
                0x0000000000004998                etimer_next_expiration_time
 .text.etimer_stop
                0x00000000000049ae       0x3c build/sky/contiki-ng-sky.a(etimer.o)
                0x00000000000049ae                etimer_stop
 .text.log_6addr
                0x00000000000049ea       0x32 build/sky/contiki-ng-sky.a(log.o)
                0x00000000000049ea                log_6addr
 .text.log_lladdr
                0x0000000000004a1c       0x44 build/sky/contiki-ng-sky.a(log.o)
                0x0000000000004a1c                log_lladdr
 .text.process_thread_ctimer_process
                0x0000000000004a60       0xa4 build/sky/contiki-ng-sky.a(ctimer.o)
 .text.ctimer_init
                0x0000000000004b04       0x18 build/sky/contiki-ng-sky.a(ctimer.o)
                0x0000000000004b04                ctimer_init
 .text.ctimer_set_with_process
                0x0000000000004b1c       0x4e build/sky/contiki-ng-sky.a(ctimer.o)
                0x0000000000004b1c                ctimer_set_with_process
 .text.ctimer_set
                0x0000000000004b6a       0x10 build/sky/contiki-ng-sky.a(ctimer.o)
                0x0000000000004b6a                ctimer_set
 .text.ctimer_reset
                0x0000000000004b7a       0x30 build/sky/contiki-ng-sky.a(ctimer.o)
                0x0000000000004b7a                ctimer_reset
 .text.ctimer_stop
                0x0000000000004baa       0x28 build/sky/contiki-ng-sky.a(ctimer.o)
                0x0000000000004baa                ctimer_stop
 .text.ctimer_expired
                0x0000000000004bd2       0x32 build/sky/contiki-ng-sky.a(ctimer.o)
                0x0000000000004bd2                ctimer_expired
 .text.call_process
                0x0000000000004c04       0x4a build/sky/contiki-ng-sky.a(process.o)
 .text.exit_process
                0x0000000000004c4e       0x96 build/sky/contiki-ng-sky.a(process.o)
 .text.do_poll  0x0000000000004ce4       0x30 build/sky/contiki-ng-sky.a(process.o)
 .text.process_alloc_event
                0x0000000000004d14        0xe build/sky/contiki-ng-sky.a(process.o)
                0x0000000000004d14                process_alloc_event
 .text.process_init
                0x0000000000004d22       0x18 build/sky/contiki-ng-sky.a(process.o)
                0x0000000000004d22                process_init
 .text.process_run
                0x0000000000004d3a       0x92 build/sky/contiki-ng-sky.a(process.o)
                0x0000000000004d3a                process_run
 .text.process_nevents
                0x0000000000004dcc        0xe build/sky/contiki-ng-sky.a(process.o)
                0x0000000000004dcc                process_nevents
 .text.process_post
                0x0000000000004dda       0x42 build/sky/contiki-ng-sky.a(process.o)
                0x0000000000004dda                process_post
 .text.process_post_synch
                0x0000000000004e1c       0x12 build/sky/contiki-ng-sky.a(process.o)
                0x0000000000004e1c                process_post_synch
 .text.process_start
                0x0000000000004e2e       0x32 build/sky/contiki-ng-sky.a(process.o)
                0x0000000000004e2e                process_start
 .text.process_poll
                0x0000000000004e60       0x18 build/sky/contiki-ng-sky.a(process.o)
                0x0000000000004e60                process_poll
 .text.rtimer_init
                0x0000000000004e78        0x6 build/sky/contiki-ng-sky.a(rtimer.o)
                0x0000000000004e78                rtimer_init
 .text.rtimer_run_next
                0x0000000000004e7e       0x26 build/sky/contiki-ng-sky.a(rtimer.o)
                0x0000000000004e7e                rtimer_run_next
 .text.node_id_init
                0x0000000000004ea4       0x14 build/sky/contiki-ng-sky.a(node-id.o)
                0x0000000000004ea4                node_id_init
 .text.timer_set
                0x0000000000004eb8       0x1c build/sky/contiki-ng-sky.a(timer.o)
                0x0000000000004eb8                timer_set
 .text.timer_expired
                0x0000000000004ed4       0x2a build/sky/contiki-ng-sky.a(timer.o)
                0x0000000000004ed4                timer_expired
 .text.timer_reset
                0x0000000000004efe       0x1c build/sky/contiki-ng-sky.a(timer.o)
                0x0000000000004efe                timer_reset
 .text.stack_check_init
                0x0000000000004f1a       0x2e build/sky/contiki-ng-sky.a(stack-check.o)
                0x0000000000004f1a                stack_check_init
 .text.stack_check_get_usage
                0x0000000000004f48       0x5a build/sky/contiki-ng-sky.a(stack-check.o)
                0x0000000000004f48                stack_check_get_usage
 .text.process_thread_stack_check_process
                0x0000000000004fa2       0xec build/sky/contiki-ng-sky.a(stack-check.o)
 .text.list_init
                0x000000000000508e        0x6 build/sky/contiki-ng-sky.a(list.o)
                0x000000000000508e                list_init
 .text.list_head
                0x0000000000005094        0x4 build/sky/contiki-ng-sky.a(list.o)
                0x0000000000005094                list_head
 .text.list_tail
                0x0000000000005098       0x12 build/sky/contiki-ng-sky.a(list.o)
                0x0000000000005098                list_tail
 .text.list_remove
                0x00000000000050aa       0x34 build/sky/contiki-ng-sky.a(list.o)
                0x00000000000050aa                list_remove
 .text.list_push
                0x00000000000050de       0x1a build/sky/contiki-ng-sky.a(list.o)
                0x00000000000050de                list_push
 .text.list_add
                0x00000000000050f8       0x2a build/sky/contiki-ng-sky.a(list.o)
                0x00000000000050f8                list_add
 .text.list_length
                0x0000000000005122       0x10 build/sky/contiki-ng-sky.a(list.o)
                0x0000000000005122                list_length
 .text.list_item_next
                0x0000000000005132        0xc build/sky/contiki-ng-sky.a(list.o)
                0x0000000000005132                list_item_next
 .text.random_init
                0x000000000000513e        0x6 build/sky/contiki-ng-sky.a(random.o)
                0x000000000000513e                random_init
 .text.random_rand
                0x0000000000005144        0x6 build/sky/contiki-ng-sky.a(random.o)
                0x0000000000005144                random_rand
 .text.queuebuf_init
                0x000000000000514a       0x12 build/sky/contiki-ng-sky.a(queuebuf.o)
                0x000000000000514a                queuebuf_init
 .text.queuebuf_numfree
                0x000000000000515c        0xa build/sky/contiki-ng-sky.a(queuebuf.o)
                0x000000000000515c                queuebuf_numfree
 .text.queuebuf_new_from_packetbuf
                0x0000000000005166       0x52 build/sky/contiki-ng-sky.a(queuebuf.o)
                0x0000000000005166                queuebuf_new_from_packetbuf
 .text.queuebuf_update_attr_from_packetbuf
                0x00000000000051b8       0x12 build/sky/contiki-ng-sky.a(queuebuf.o)
                0x00000000000051b8                queuebuf_update_attr_from_packetbuf
 .text.queuebuf_free
                0x00000000000051ca       0x2a build/sky/contiki-ng-sky.a(queuebuf.o)
                0x00000000000051ca                queuebuf_free
 .text.queuebuf_to_packetbuf
                0x00000000000051f4       0x32 build/sky/contiki-ng-sky.a(queuebuf.o)
                0x00000000000051f4                queuebuf_to_packetbuf
 .text.packetbuf_hdrreduce
                0x0000000000005226       0x1a build/sky/contiki-ng-sky.a(packetbuf.o)
                0x0000000000005226                packetbuf_hdrreduce
 .text.packetbuf_set_datalen
                0x0000000000005240        0x6 build/sky/contiki-ng-sky.a(packetbuf.o)
                0x0000000000005240                packetbuf_set_datalen
 .text.packetbuf_hdrptr
                0x0000000000005246        0x6 build/sky/contiki-ng-sky.a(packetbuf.o)
                0x0000000000005246                packetbuf_hdrptr
 .text.packetbuf_datalen
                0x000000000000524c        0x6 build/sky/contiki-ng-sky.a(packetbuf.o)
                0x000000000000524c                packetbuf_datalen
 .text.packetbuf_hdrlen
                0x0000000000005252        0xa build/sky/contiki-ng-sky.a(packetbuf.o)
                0x0000000000005252                packetbuf_hdrlen
 .text.packetbuf_dataptr
                0x000000000000525c        0xc build/sky/contiki-ng-sky.a(packetbuf.o)
                0x000000000000525c                packetbuf_dataptr
 .text.packetbuf_copyto
                0x0000000000005268       0x46 build/sky/contiki-ng-sky.a(packetbuf.o)
                0x0000000000005268                packetbuf_copyto
 .text.packetbuf_totlen
                0x00000000000052ae        0xc build/sky/contiki-ng-sky.a(packetbuf.o)
                0x00000000000052ae                packetbuf_totlen
 .text.packetbuf_hdralloc
                0x00000000000052ba       0x3a build/sky/contiki-ng-sky.a(packetbuf.o)
                0x00000000000052ba                packetbuf_hdralloc
 .text.packetbuf_attr_clear
                0x00000000000052f4       0x28 build/sky/contiki-ng-sky.a(packetbuf.o)
                0x00000000000052f4                packetbuf_attr_clear
 .text.packetbuf_clear
                0x000000000000531c       0x12 build/sky/contiki-ng-sky.a(packetbuf.o)
                0x000000000000531c                packetbuf_clear
 .text.packetbuf_copyfrom
                0x000000000000532e       0x2e build/sky/contiki-ng-sky.a(packetbuf.o)
                0x000000000000532e                packetbuf_copyfrom
 .text.packetbuf_attr_copyto
                0x000000000000535c       0x22 build/sky/contiki-ng-sky.a(packetbuf.o)
                0x000000000000535c                packetbuf_attr_copyto
 .text.packetbuf_attr_copyfrom
                0x000000000000537e       0x24 build/sky/contiki-ng-sky.a(packetbuf.o)
                0x000000000000537e                packetbuf_attr_copyfrom
 .text.packetbuf_set_attr
                0x00000000000053a2        0xc build/sky/contiki-ng-sky.a(packetbuf.o)
                0x00000000000053a2                packetbuf_set_attr
 .text.packetbuf_attr
                0x00000000000053ae        0xa build/sky/contiki-ng-sky.a(packetbuf.o)
                0x00000000000053ae                packetbuf_attr
 .text.packetbuf_set_addr
                0x00000000000053b8       0x18 build/sky/contiki-ng-sky.a(packetbuf.o)
                0x00000000000053b8                packetbuf_set_addr
 .text.packetbuf_addr
                0x00000000000053d0       0x12 build/sky/contiki-ng-sky.a(packetbuf.o)
                0x00000000000053d0                packetbuf_addr
 .text.packetbuf_holds_broadcast
                0x00000000000053e2        0xe build/sky/contiki-ng-sky.a(packetbuf.o)
                0x00000000000053e2                packetbuf_holds_broadcast
 .text.netstack_process_ip_callback
                0x00000000000053f0       0x52 build/sky/contiki-ng-sky.a(netstack.o)
                0x00000000000053f0                netstack_process_ip_callback
 .text.netstack_init
                0x0000000000005442        0xe build/sky/contiki-ng-sky.a(netstack.o)
                0x0000000000005442                netstack_init
 .text.linkaddr_copy
                0x0000000000005450        0x8 build/sky/contiki-ng-sky.a(linkaddr.o)
                0x0000000000005450                linkaddr_copy
 .text.linkaddr_cmp
                0x0000000000005458       0x12 build/sky/contiki-ng-sky.a(linkaddr.o)
                0x0000000000005458                linkaddr_cmp
 .text.linkaddr_set_node_addr
                0x000000000000546a        0xc build/sky/contiki-ng-sky.a(linkaddr.o)
                0x000000000000546a                linkaddr_set_node_addr
 .text.on       0x0000000000005476        0x6 build/sky/contiki-ng-sky.a(csma.o)
 .text.off      0x000000000000547c        0x6 build/sky/contiki-ng-sky.a(csma.o)
 .text.max_payload
                0x0000000000005482       0x38 build/sky/contiki-ng-sky.a(csma.o)
 .text.send_packet
                0x00000000000054ba        0x6 build/sky/contiki-ng-sky.a(csma.o)
 .text.input_packet
                0x00000000000054c0       0x54 build/sky/contiki-ng-sky.a(csma.o)
 .text.init     0x0000000000005514       0x1c build/sky/contiki-ng-sky.a(csma.o)
 .text.schedule_transmission
                0x0000000000005530       0x72 build/sky/contiki-ng-sky.a(csma-output.o)
 .text.tx_done  0x00000000000055a2       0x9a build/sky/contiki-ng-sky.a(csma-output.o)
 .text.transmit_from_queue
                0x000000000000563c      0x1ae build/sky/contiki-ng-sky.a(csma-output.o)
 .text.csma_output_packet
                0x00000000000057ea      0x182 build/sky/contiki-ng-sky.a(csma-output.o)
                0x00000000000057ea                csma_output_packet
 .text.csma_output_init
                0x000000000000596c       0x1a build/sky/contiki-ng-sky.a(csma-output.o)
                0x000000000000596c                csma_output_init
 .text.uip_ds6_default_prefix
                0x0000000000005986        0x6 build/sky/contiki-ng-sky.a(uip-ds6.o)
                0x0000000000005986                uip_ds6_default_prefix
 .text.uip_ds6_list_loop
                0x000000000000598c       0x92 build/sky/contiki-ng-sky.a(uip-ds6.o)
                0x000000000000598c                uip_ds6_list_loop
 .text.uip_ds6_prefix_add
                0x0000000000005a1e       0x80 build/sky/contiki-ng-sky.a(uip-ds6.o)
                0x0000000000005a1e                uip_ds6_prefix_add
 .text.uip_ds6_is_addr_onlink
                0x0000000000005a9e       0x54 build/sky/contiki-ng-sky.a(uip-ds6.o)
                0x0000000000005a9e                uip_ds6_is_addr_onlink
 .text.uip_ds6_addr_lookup
                0x0000000000005af2       0x2a build/sky/contiki-ng-sky.a(uip-ds6.o)
                0x0000000000005af2                uip_ds6_addr_lookup
 .text.uip_ds6_get_link_local
                0x0000000000005b1c       0x3e build/sky/contiki-ng-sky.a(uip-ds6.o)
                0x0000000000005b1c                uip_ds6_get_link_local
 .text.uip_ds6_maddr_add
                0x0000000000005b5a       0x4c build/sky/contiki-ng-sky.a(uip-ds6.o)
                0x0000000000005b5a                uip_ds6_maddr_add
 .text.uip_ds6_addr_add
                0x0000000000005ba6       0xc4 build/sky/contiki-ng-sky.a(uip-ds6.o)
                0x0000000000005ba6                uip_ds6_addr_add
 .text.uip_ds6_maddr_lookup
                0x0000000000005c6a       0x2a build/sky/contiki-ng-sky.a(uip-ds6.o)
                0x0000000000005c6a                uip_ds6_maddr_lookup
 .text.uip_ds6_addr_rm
                0x0000000000005c94       0x54 build/sky/contiki-ng-sky.a(uip-ds6.o)
                0x0000000000005c94                uip_ds6_addr_rm
 .text.uip_ds6_periodic
                0x0000000000005ce8       0x46 build/sky/contiki-ng-sky.a(uip-ds6.o)
                0x0000000000005ce8                uip_ds6_periodic
 .text.uip_ds6_set_addr_iid
                0x0000000000005d2e       0x14 build/sky/contiki-ng-sky.a(uip-ds6.o)
                0x0000000000005d2e                uip_ds6_set_addr_iid
 .text.uip_ds6_set_lladdr_from_iid
                0x0000000000005d42       0x14 build/sky/contiki-ng-sky.a(uip-ds6.o)
                0x0000000000005d42                uip_ds6_set_lladdr_from_iid
 .text.get_match_length
                0x0000000000005d56       0x3e build/sky/contiki-ng-sky.a(uip-ds6.o)
                0x0000000000005d56                get_match_length
 .text.uip_ds6_select_src
                0x0000000000005d94       0xaa build/sky/contiki-ng-sky.a(uip-ds6.o)
                0x0000000000005d94                uip_ds6_select_src
 .text.uip_ds6_compute_reachable_time
                0x0000000000005e3e       0x3e build/sky/contiki-ng-sky.a(uip-ds6.o)
                0x0000000000005e3e                uip_ds6_compute_reachable_time
 .text.uip_ds6_init
                0x0000000000005e7c      0x164 build/sky/contiki-ng-sky.a(uip-ds6.o)
                0x0000000000005e7c                uip_ds6_init
 .text.uiplib_ipaddr_snprint
                0x0000000000005fe0      0x12a build/sky/contiki-ng-sky.a(uiplib.o)
                0x0000000000005fe0                uiplib_ipaddr_snprint
 .text.tcpip_output
                0x000000000000610a       0x22 build/sky/contiki-ng-sky.a(tcpip.o)
                0x000000000000610a                tcpip_output
 .text.tcpip_input
                0x000000000000612c       0x1e build/sky/contiki-ng-sky.a(tcpip.o)
                0x000000000000612c                tcpip_input
 .text.tcpip_ipv6_output
                0x000000000000614a      0x10a build/sky/contiki-ng-sky.a(tcpip.o)
                0x000000000000614a                tcpip_ipv6_output
 .text.packet_input.part.4
                0x0000000000006254       0x12 build/sky/contiki-ng-sky.a(tcpip.o)
 .text.process_thread_tcpip_process
                0x0000000000006266       0xc8 build/sky/contiki-ng-sky.a(tcpip.o)
 .text.tcpip_uipcall
                0x000000000000632e       0x2a build/sky/contiki-ng-sky.a(tcpip.o)
                0x000000000000632e                tcpip_uipcall
 .text.uip_ds6_route_init
                0x0000000000006358       0x12 build/sky/contiki-ng-sky.a(uip-ds6-route.o)
                0x0000000000006358                uip_ds6_route_init
 .text.uip_ds6_route_nexthop
                0x000000000000636a        0x4 build/sky/contiki-ng-sky.a(uip-ds6-route.o)
                0x000000000000636a                uip_ds6_route_nexthop
 .text.uip_ds6_route_lookup
                0x000000000000636e        0x4 build/sky/contiki-ng-sky.a(uip-ds6-route.o)
                0x000000000000636e                uip_ds6_route_lookup
 .text.uip_ds6_route_rm
                0x0000000000006372        0x2 build/sky/contiki-ng-sky.a(uip-ds6-route.o)
                0x0000000000006372                uip_ds6_route_rm
 .text.uip_ds6_defrt_rm
                0x0000000000006374       0x3c build/sky/contiki-ng-sky.a(uip-ds6-route.o)
                0x0000000000006374                uip_ds6_defrt_rm
 .text.uip_ds6_defrt_lookup
                0x00000000000063b0       0x3e build/sky/contiki-ng-sky.a(uip-ds6-route.o)
                0x00000000000063b0                uip_ds6_defrt_lookup
 .text.uip_ds6_defrt_add
                0x00000000000063ee       0x72 build/sky/contiki-ng-sky.a(uip-ds6-route.o)
                0x00000000000063ee                uip_ds6_defrt_add
 .text.uip_ds6_defrt_choose
                0x0000000000006460       0x3a build/sky/contiki-ng-sky.a(uip-ds6-route.o)
                0x0000000000006460                uip_ds6_defrt_choose
 .text.uip_ds6_defrt_periodic
                0x000000000000649a       0x38 build/sky/contiki-ng-sky.a(uip-ds6-route.o)
                0x000000000000649a                uip_ds6_defrt_periodic
 .text.uip_ds6_nbr_rm
                0x00000000000064d2       0x1e build/sky/contiki-ng-sky.a(uip-ds6-nbr.o)
                0x00000000000064d2                uip_ds6_nbr_rm
 .text.uip_ds6_neighbors_init
                0x00000000000064f0       0x12 build/sky/contiki-ng-sky.a(uip-ds6-nbr.o)
                0x00000000000064f0                uip_ds6_neighbors_init
 .text.uip_ds6_nbr_add
                0x0000000000006502       0x3e build/sky/contiki-ng-sky.a(uip-ds6-nbr.o)
                0x0000000000006502                uip_ds6_nbr_add
 .text.uip_ds6_nbr_get_ll
                0x0000000000006540        0xc build/sky/contiki-ng-sky.a(uip-ds6-nbr.o)
                0x0000000000006540                uip_ds6_nbr_get_ll
 .text.uip_ds6_nbr_head
                0x000000000000654c        0xa build/sky/contiki-ng-sky.a(uip-ds6-nbr.o)
                0x000000000000654c                uip_ds6_nbr_head
 .text.uip_ds6_nbr_next
                0x0000000000006556        0xc build/sky/contiki-ng-sky.a(uip-ds6-nbr.o)
                0x0000000000006556                uip_ds6_nbr_next
 .text.uip_ds6_nbr_lookup
                0x0000000000006562       0x38 build/sky/contiki-ng-sky.a(uip-ds6-nbr.o)
                0x0000000000006562                uip_ds6_nbr_lookup
 .text.uip_ds6_nbr_ll_lookup
                0x000000000000659a        0xc build/sky/contiki-ng-sky.a(uip-ds6-nbr.o)
                0x000000000000659a                uip_ds6_nbr_ll_lookup
 .text.uip_ds6_nbr_update_ll
                0x00000000000065a6       0x76 build/sky/contiki-ng-sky.a(uip-ds6-nbr.o)
                0x00000000000065a6                uip_ds6_nbr_update_ll
 .text.uip_ds6_nbr_ipaddr_from_lladdr
                0x000000000000661c        0x6 build/sky/contiki-ng-sky.a(uip-ds6-nbr.o)
                0x000000000000661c                uip_ds6_nbr_ipaddr_from_lladdr
 .text.uip_ds6_nbr_lladdr_from_ipaddr
                0x0000000000006622       0x12 build/sky/contiki-ng-sky.a(uip-ds6-nbr.o)
                0x0000000000006622                uip_ds6_nbr_lladdr_from_ipaddr
 .text.uip_ds6_link_callback
                0x0000000000006634        0x2 build/sky/contiki-ng-sky.a(uip-ds6-nbr.o)
                0x0000000000006634                uip_ds6_link_callback
 .text.chksum   0x0000000000006636       0x32 build/sky/contiki-ng-sky.a(uip6.o)
 .text.upper_layer_chksum
                0x0000000000006668       0x5a build/sky/contiki-ng-sky.a(uip6.o)
 .text.unlikely.ext_hdr_options_process
                0x00000000000066c2       0xb4 build/sky/contiki-ng-sky.a(uip6.o)
 .text.unlikely.uip_update_ttl
                0x0000000000006776       0x24 build/sky/contiki-ng-sky.a(uip6.o)
 .text.uip_icmp6chksum
                0x000000000000679a        0xa build/sky/contiki-ng-sky.a(uip6.o)
                0x000000000000679a                uip_icmp6chksum
 .text.uip_udpchksum
                0x00000000000067a4        0xa build/sky/contiki-ng-sky.a(uip6.o)
                0x00000000000067a4                uip_udpchksum
 .text.uip_init
                0x00000000000067ae       0x3c build/sky/contiki-ng-sky.a(uip6.o)
                0x00000000000067ae                uip_init
 .text.uip_remove_ext_hdr
                0x00000000000067ea       0x5e build/sky/contiki-ng-sky.a(uip6.o)
                0x00000000000067ea                uip_remove_ext_hdr
 .text.uip_process
                0x0000000000006848      0x514 build/sky/contiki-ng-sky.a(uip6.o)
                0x0000000000006848                uip_process
 .text.uip_htonl
                0x0000000000006d5c       0x2e build/sky/contiki-ng-sky.a(uip6.o)
                0x0000000000006d5c                uip_htonl
 .text.ns_input
                0x0000000000006d8a      0x298 build/sky/contiki-ng-sky.a(uip-nd6.o)
 .text.uip_nd6_init
                0x0000000000007022        0xa build/sky/contiki-ng-sky.a(uip-nd6.o)
                0x0000000000007022                uip_nd6_init
 .text.clear_fragments
                0x000000000000702c       0x42 build/sky/contiki-ng-sky.a(sicslowpan.o)
 .text.addr_context_lookup_by_number
                0x000000000000706e       0x1a build/sky/contiki-ng-sky.a(sicslowpan.o)
 .text.sicslowpan_init
                0x0000000000007088       0x18 build/sky/contiki-ng-sky.a(sicslowpan.o)
                0x0000000000007088                sicslowpan_init
 .text.set_packet_attrs
                0x00000000000070a0       0x66 build/sky/contiki-ng-sky.a(sicslowpan.o)
 .text.compress_addr_64
                0x0000000000007106       0xae build/sky/contiki-ng-sky.a(sicslowpan.o)
 .text.addr_context_lookup_by_prefix
                0x00000000000071b4       0x24 build/sky/contiki-ng-sky.a(sicslowpan.o)
 .text.send_packet
                0x00000000000071d8       0x1a build/sky/contiki-ng-sky.a(sicslowpan.o)
 .text.packet_sent
                0x00000000000071f2       0x56 build/sky/contiki-ng-sky.a(sicslowpan.o)
 .text.store_fragment
                0x0000000000007248       0xbe build/sky/contiki-ng-sky.a(sicslowpan.o)
 .text.add_fragment
                0x0000000000007306      0x200 build/sky/contiki-ng-sky.a(sicslowpan.o)
 .text.uncompress_addr
                0x0000000000007506       0xb4 build/sky/contiki-ng-sky.a(sicslowpan.o)
 .text.fragment_copy_payload_and_send
                0x00000000000075ba       0x5e build/sky/contiki-ng-sky.a(sicslowpan.o)
 .text.output   0x0000000000007618      0x806 build/sky/contiki-ng-sky.a(sicslowpan.o)
 .text.input    0x0000000000007e1e      0xe08 build/sky/contiki-ng-sky.a(sicslowpan.o)
 .text.rpl_has_joined
                0x0000000000008c26       0x16 build/sky/contiki-ng-sky.a(rpl.o)
                0x0000000000008c26                rpl_has_joined
 .text.rpl_is_reachable
                0x0000000000008c3c       0x16 build/sky/contiki-ng-sky.a(rpl.o)
                0x0000000000008c3c                rpl_is_reachable
 .text.neighbor_state_changed
                0x0000000000008c52        0x2 build/sky/contiki-ng-sky.a(rpl.o)
 .text.drop_route
                0x0000000000008c54        0x2 build/sky/contiki-ng-sky.a(rpl.o)
 .text.rpl_get_leaf_only
                0x0000000000008c56        0x6 build/sky/contiki-ng-sky.a(rpl.o)
                0x0000000000008c56                rpl_get_leaf_only
 .text.get_sr_node_ipaddr
                0x0000000000008c5c       0x34 build/sky/contiki-ng-sky.a(rpl.o)
 .text.init     0x0000000000008c90       0x42 build/sky/contiki-ng-sky.a(rpl.o)
 .text.set_ip_from_prefix
                0x0000000000008cd2       0x38 build/sky/contiki-ng-sky.a(rpl.o)
 .text.rpl_link_callback
                0x0000000000008d0a       0x1e build/sky/contiki-ng-sky.a(rpl.o)
                0x0000000000008d0a                rpl_link_callback
 .text.rpl_lollipop_greater_than
                0x0000000000008d28       0x44 build/sky/contiki-ng-sky.a(rpl.o)
                0x0000000000008d28                rpl_lollipop_greater_than
 .text.rpl_get_global_address
                0x0000000000008d6c       0xba build/sky/contiki-ng-sky.a(rpl.o)
                0x0000000000008d6c                rpl_get_global_address
 .text.rpl_reset_prefix
                0x0000000000008e26       0x24 build/sky/contiki-ng-sky.a(rpl.o)
                0x0000000000008e26                rpl_reset_prefix
 .text.rpl_set_prefix_from_addr
                0x0000000000008e4a       0x92 build/sky/contiki-ng-sky.a(rpl.o)
                0x0000000000008e4a                rpl_set_prefix_from_addr
 .text.rpl_dag_root_set_prefix
                0x0000000000008edc       0x62 build/sky/contiki-ng-sky.a(rpl-dag-root.o)
                0x0000000000008edc                rpl_dag_root_set_prefix
 .text.rpl_dag_root_start
                0x0000000000008f3e       0x8c build/sky/contiki-ng-sky.a(rpl-dag-root.o)
                0x0000000000008f3e                rpl_dag_root_start
 .text.rpl_dag_root_is_root
                0x0000000000008fca       0x18 build/sky/contiki-ng-sky.a(rpl-dag-root.o)
                0x0000000000008fca                rpl_dag_root_is_root
 .text.init_platform
                0x0000000000008fe2        0xc build/sky/contiki-ng-sky.a(contiki-sky-pla)
                0x0000000000008fe2                init_platform
 .text.status   0x0000000000008fee       0x16 build/sky/contiki-ng-sky.a(button-sensor.o)
 .text.configure
                0x0000000000009004       0x52 build/sky/contiki-ng-sky.a(button-sensor.o)
 .text.value    0x0000000000009056       0x22 build/sky/contiki-ng-sky.a(button-sensor.o)
 .text.irq_p2   0x0000000000009078       0x48 build/sky/contiki-ng-sky.a(button-sensor.o)
                0x0000000000009078                irq_p2
                0x0000000000009078                __isr_1
 .text.owreadb  0x00000000000090c0       0x52 build/sky/contiki-ng-sky.a(ds2411.o)
 .text.ds2411_init
                0x0000000000009112      0x122 build/sky/contiki-ng-sky.a(ds2411.o)
                0x0000000000009112                ds2411_init
 .text.xmem_init
                0x0000000000009234       0x3e build/sky/contiki-ng-sky.a(xmem.o)
                0x0000000000009234                xmem_init
 .text.process_thread_sensors_process
                0x0000000000009272       0xbe build/sky/contiki-ng-sky.a(sensors.o)
 .text.sensors_changed
                0x0000000000009330       0x2a build/sky/contiki-ng-sky.a(sensors.o)
                0x0000000000009330                sensors_changed
 .text.get_object
                0x000000000000935a        0x4 build/sky/contiki-ng-sky.a(cc2420.o)
 .text.set_object
                0x000000000000935e        0x4 build/sky/contiki-ng-sky.a(cc2420.o)
 .text.strobe   0x0000000000009362       0x20 build/sky/contiki-ng-sky.a(cc2420.o)
 .text.getreg   0x0000000000009382       0x54 build/sky/contiki-ng-sky.a(cc2420.o)
 .text.setreg   0x00000000000093d6       0x52 build/sky/contiki-ng-sky.a(cc2420.o)
 .text.write_ram
                0x0000000000009428       0x80 build/sky/contiki-ng-sky.a(cc2420.o)
 .text.write_fifo_buf
                0x00000000000094a8       0x40 build/sky/contiki-ng-sky.a(cc2420.o)
 .text.get_status
                0x00000000000094e8       0x24 build/sky/contiki-ng-sky.a(cc2420.o)
 .text.on       0x000000000000950c       0x1a build/sky/contiki-ng-sky.a(cc2420.o)
 .text.cc2420_receiving_packet
                0x0000000000009526        0xe build/sky/contiki-ng-sky.a(cc2420.o)
 .text.pending_packet
                0x0000000000009534        0x8 build/sky/contiki-ng-sky.a(cc2420.o)
 .text.wait_for_transmission
                0x000000000000953c       0x22 build/sky/contiki-ng-sky.a(cc2420.o)
 .text.wait_for_status
                0x000000000000955e       0x2a build/sky/contiki-ng-sky.a(cc2420.o)
 .text.getrxdata
                0x0000000000009588       0x56 build/sky/contiki-ng-sky.a(cc2420.o)
 .text.flushrx  0x00000000000095de       0x1a build/sky/contiki-ng-sky.a(cc2420.o)
 .text.off      0x00000000000095f8       0x2c build/sky/contiki-ng-sky.a(cc2420.o)
 .text.RELEASE_LOCK
                0x0000000000009624       0x28 build/sky/contiki-ng-sky.a(cc2420.o)
 .text.set_key  0x000000000000964c       0x18 build/sky/contiki-ng-sky.a(cc2420.o)
 .text.set_frame_filtering
                0x0000000000009664       0x30 build/sky/contiki-ng-sky.a(cc2420.o)
 .text.set_auto_ack
                0x0000000000009694       0x30 build/sky/contiki-ng-sky.a(cc2420.o)
 .text.set_poll_mode
                0x00000000000096c4       0x36 build/sky/contiki-ng-sky.a(cc2420.o)
 .text.cc2420_prepare
                0x00000000000096fa       0x46 build/sky/contiki-ng-sky.a(cc2420.o)
 .text.cc2420_on
                0x0000000000009740       0x22 build/sky/contiki-ng-sky.a(cc2420.o)
                0x0000000000009740                cc2420_on
 .text.cc2420_transmit
                0x0000000000009762       0x66 build/sky/contiki-ng-sky.a(cc2420.o)
 .text.cc2420_send
                0x00000000000097c8       0x12 build/sky/contiki-ng-sky.a(cc2420.o)
 .text.cc2420_off
                0x00000000000097da       0x30 build/sky/contiki-ng-sky.a(cc2420.o)
                0x00000000000097da                cc2420_off
 .text.cc2420_cca
                0x000000000000980a       0x5e build/sky/contiki-ng-sky.a(cc2420.o)
 .text.cc2420_read
                0x0000000000009868       0xc2 build/sky/contiki-ng-sky.a(cc2420.o)
 .text.process_thread_cc2420_process
                0x000000000000992a       0x5e build/sky/contiki-ng-sky.a(cc2420.o)
 .text.encrypt  0x0000000000009988       0x8e build/sky/contiki-ng-sky.a(cc2420.o)
 .text.cc2420_set_channel
                0x0000000000009a16       0x3c build/sky/contiki-ng-sky.a(cc2420.o)
                0x0000000000009a16                cc2420_set_channel
 .text.cc2420_set_pan_addr
                0x0000000000009a52       0x4c build/sky/contiki-ng-sky.a(cc2420.o)
                0x0000000000009a52                cc2420_set_pan_addr
 .text.cc2420_interrupt
                0x0000000000009a9e       0x18 build/sky/contiki-ng-sky.a(cc2420.o)
                0x0000000000009a9e                cc2420_interrupt
 .text.cc2420_set_txpower
                0x0000000000009ab6       0x2e build/sky/contiki-ng-sky.a(cc2420.o)
                0x0000000000009ab6                cc2420_set_txpower
 .text.cc2420_get_txpower
                0x0000000000009ae4       0x1e build/sky/contiki-ng-sky.a(cc2420.o)
                0x0000000000009ae4                cc2420_get_txpower
 .text.cc2420_rssi
                0x0000000000009b02       0x4c build/sky/contiki-ng-sky.a(cc2420.o)
                0x0000000000009b02                cc2420_rssi
 .text.get_value
                0x0000000000009b4e      0x122 build/sky/contiki-ng-sky.a(cc2420.o)
 .text.cc2420_set_cca_threshold
                0x0000000000009c70       0x16 build/sky/contiki-ng-sky.a(cc2420.o)
                0x0000000000009c70                cc2420_set_cca_threshold
 .text.set_value
                0x0000000000009c86      0x152 build/sky/contiki-ng-sky.a(cc2420.o)
 .text.cc2420_init
                0x0000000000009dd8       0xf0 build/sky/contiki-ng-sky.a(cc2420.o)
                0x0000000000009dd8                cc2420_init
 .text.cc2420_port1_interrupt
                0x0000000000009ec8       0x20 build/sky/contiki-ng-sky.a(cc2420-arch.o)
                0x0000000000009ec8                __isr_4
                0x0000000000009ec8                cc2420_port1_interrupt
 .text.cc2420_arch_init
                0x0000000000009ee8       0x1a build/sky/contiki-ng-sky.a(cc2420-arch.o)
                0x0000000000009ee8                cc2420_arch_init
 .text.uart1_active
                0x0000000000009f02       0x1a build/sky/contiki-ng-sky.a(uart1.o)
                0x0000000000009f02                uart1_active
 .text.uart1_writeb
                0x0000000000009f1c       0x1a build/sky/contiki-ng-sky.a(uart1.o)
                0x0000000000009f1c                uart1_writeb
 .text.uart1_init
                0x0000000000009f36       0xf6 build/sky/contiki-ng-sky.a(uart1.o)
                0x0000000000009f36                uart1_init
 .text.timera0  0x000000000000a02c       0x2e build/sky/contiki-ng-sky.a(rtimer-arch.o)
                0x000000000000a02c                __isr_6
                0x000000000000a02c                timera0
 .text.rtimer_arch_init
                0x000000000000a05a        0xe build/sky/contiki-ng-sky.a(rtimer-arch.o)
                0x000000000000a05a                rtimer_arch_init
 .text.rtimer_arch_now
                0x000000000000a068        0xe build/sky/contiki-ng-sky.a(rtimer-arch.o)
                0x000000000000a068                rtimer_arch_now
 .text.rtimer_arch_schedule
                0x000000000000a076        0x6 build/sky/contiki-ng-sky.a(rtimer-arch.o)
                0x000000000000a076                rtimer_arch_schedule
 .text.stimer_set
                0x000000000000a07c       0x1c build/sky/contiki-ng-sky.a(stimer.o)
                0x000000000000a07c                stimer_set
 .text.stimer_expired
                0x000000000000a098       0x30 build/sky/contiki-ng-sky.a(stimer.o)
                0x000000000000a098                stimer_expired
 .text.memb_init
                0x000000000000a0c8       0x36 build/sky/contiki-ng-sky.a(memb.o)
                0x000000000000a0c8                memb_init
 .text.memb_alloc
                0x000000000000a0fe       0x3e build/sky/contiki-ng-sky.a(memb.o)
                0x000000000000a0fe                memb_alloc
 .text.memb_free
                0x000000000000a13c       0x32 build/sky/contiki-ng-sky.a(memb.o)
                0x000000000000a13c                memb_free
 .text.memb_inmemb
                0x000000000000a16e       0x2e build/sky/contiki-ng-sky.a(memb.o)
                0x000000000000a16e                memb_inmemb
 .text.memb_numfree
                0x000000000000a19c       0x26 build/sky/contiki-ng-sky.a(memb.o)
                0x000000000000a19c                memb_numfree
 .text.index_from_key
                0x000000000000a1c2       0x48 build/sky/contiki-ng-sky.a(nbr-table.o)
 .text.item_from_key
                0x000000000000a20a       0x34 build/sky/contiki-ng-sky.a(nbr-table.o)
 .text.nbr_set_bit
                0x000000000000a23e       0x8e build/sky/contiki-ng-sky.a(nbr-table.o)
 .text.index_from_lladdr
                0x000000000000a2cc       0x42 build/sky/contiki-ng-sky.a(nbr-table.o)
 .text.nbr_get_bit.constprop.3
                0x000000000000a30e       0x62 build/sky/contiki-ng-sky.a(nbr-table.o)
 .text.remove_key
                0x000000000000a370       0x7e build/sky/contiki-ng-sky.a(nbr-table.o)
 .text.nbr_table_is_registered
                0x000000000000a3ee       0x26 build/sky/contiki-ng-sky.a(nbr-table.o)
                0x000000000000a3ee                nbr_table_is_registered
 .text.nbr_table_register
                0x000000000000a414       0x42 build/sky/contiki-ng-sky.a(nbr-table.o)
                0x000000000000a414                nbr_table_register
 .text.nbr_table_next
                0x000000000000a456       0x90 build/sky/contiki-ng-sky.a(nbr-table.o)
                0x000000000000a456                nbr_table_next
 .text.nbr_table_head
                0x000000000000a4e6       0x36 build/sky/contiki-ng-sky.a(nbr-table.o)
                0x000000000000a4e6                nbr_table_head
 .text.nbr_table_get_from_lladdr
                0x000000000000a51c       0x48 build/sky/contiki-ng-sky.a(nbr-table.o)
                0x000000000000a51c                nbr_table_get_from_lladdr
 .text.entry_is_allowed.isra.2
                0x000000000000a564       0x82 build/sky/contiki-ng-sky.a(nbr-table.o)
 .text.nbr_table_add_lladdr
                0x000000000000a5e6       0xd8 build/sky/contiki-ng-sky.a(nbr-table.o)
                0x000000000000a5e6                nbr_table_add_lladdr
 .text.nbr_table_remove
                0x000000000000a6be       0x32 build/sky/contiki-ng-sky.a(nbr-table.o)
                0x000000000000a6be                nbr_table_remove
 .text.nbr_table_lock
                0x000000000000a6f0       0x10 build/sky/contiki-ng-sky.a(nbr-table.o)
                0x000000000000a6f0                nbr_table_lock
 .text.nbr_table_unlock
                0x000000000000a700       0x10 build/sky/contiki-ng-sky.a(nbr-table.o)
                0x000000000000a700                nbr_table_unlock
 .text.nbr_table_get_lladdr
                0x000000000000a710       0x5a build/sky/contiki-ng-sky.a(nbr-table.o)
                0x000000000000a710                nbr_table_get_lladdr
 .text.periodic
                0x000000000000a76a       0x28 build/sky/contiki-ng-sky.a(link-stats.o)
 .text.link_stats_from_lladdr
                0x000000000000a792        0xc build/sky/contiki-ng-sky.a(link-stats.o)
                0x000000000000a792                link_stats_from_lladdr
 .text.link_stats_is_fresh
                0x000000000000a79e       0x2e build/sky/contiki-ng-sky.a(link-stats.o)
                0x000000000000a79e                link_stats_is_fresh
 .text.guess_etx_from_rssi
                0x000000000000a7cc       0x42 build/sky/contiki-ng-sky.a(link-stats.o)
                0x000000000000a7cc                guess_etx_from_rssi
 .text.link_stats_packet_sent
                0x000000000000a80e       0xee build/sky/contiki-ng-sky.a(link-stats.o)
                0x000000000000a80e                link_stats_packet_sent
 .text.link_stats_input_callback
                0x000000000000a8fc       0xb4 build/sky/contiki-ng-sky.a(link-stats.o)
                0x000000000000a8fc                link_stats_input_callback
 .text.link_stats_reset
                0x000000000000a9b0       0x2a build/sky/contiki-ng-sky.a(link-stats.o)
                0x000000000000a9b0                link_stats_reset
 .text.link_stats_init
                0x000000000000a9da       0x22 build/sky/contiki-ng-sky.a(link-stats.o)
                0x000000000000a9da                link_stats_init
 .text.mac_sequence_is_duplicate
                0x000000000000a9fc       0x78 build/sky/contiki-ng-sky.a(mac-sequence.o)
                0x000000000000a9fc                mac_sequence_is_duplicate
 .text.mac_sequence_register_seqno
                0x000000000000aa74       0x98 build/sky/contiki-ng-sky.a(mac-sequence.o)
                0x000000000000aa74                mac_sequence_register_seqno
 .text.mac_call_sent_callback
                0x000000000000ab0c       0x14 build/sky/contiki-ng-sky.a(mac.o)
                0x000000000000ab0c                mac_call_sent_callback
 .text.parse    0x000000000000ab20       0xa0 build/sky/contiki-ng-sky.a(framer-802154.o)
 .text.framer_802154_setup_params
                0x000000000000abc0       0xb8 build/sky/contiki-ng-sky.a(framer-802154.o)
                0x000000000000abc0                framer_802154_setup_params
 .text.create_frame
                0x000000000000ac78       0xde build/sky/contiki-ng-sky.a(framer-802154.o)
 .text.create   0x000000000000ad56        0x8 build/sky/contiki-ng-sky.a(framer-802154.o)
 .text.hdr_length
                0x000000000000ad5e        0x8 build/sky/contiki-ng-sky.a(framer-802154.o)
 .text.frame802154_get_pan_id
                0x000000000000ad66        0x6 build/sky/contiki-ng-sky.a(frame802154.o)
                0x000000000000ad66                frame802154_get_pan_id
 .text.frame802154_has_panid
                0x000000000000ad6c       0xdc build/sky/contiki-ng-sky.a(frame802154.o)
                0x000000000000ad6c                frame802154_has_panid
 .text.field_len
                0x000000000000ae48       0xb2 build/sky/contiki-ng-sky.a(frame802154.o)
 .text.frame802154_is_broadcast_addr
                0x000000000000aefa       0x24 build/sky/contiki-ng-sky.a(frame802154.o)
                0x000000000000aefa                frame802154_is_broadcast_addr
 .text.frame802154_hdrlen
                0x000000000000af1e       0x32 build/sky/contiki-ng-sky.a(frame802154.o)
                0x000000000000af1e                frame802154_hdrlen
 .text.frame802154_create_fcf
                0x000000000000af50       0x96 build/sky/contiki-ng-sky.a(frame802154.o)
                0x000000000000af50                frame802154_create_fcf
 .text.frame802154_create
                0x000000000000afe6       0xe4 build/sky/contiki-ng-sky.a(frame802154.o)
                0x000000000000afe6                frame802154_create
 .text.frame802154_parse_fcf
                0x000000000000b0ca       0xbe build/sky/contiki-ng-sky.a(frame802154.o)
                0x000000000000b0ca                frame802154_parse_fcf
 .text.frame802154_parse
                0x000000000000b188      0x18c build/sky/contiki-ng-sky.a(frame802154.o)
                0x000000000000b188                frame802154_parse
 .text.csma_security_create_frame
                0x000000000000b314       0x10 build/sky/contiki-ng-sky.a(csma-security.o)
                0x000000000000b314                csma_security_create_frame
 .text.csma_security_parse_frame
                0x000000000000b324        0x6 build/sky/contiki-ng-sky.a(csma-security.o)
                0x000000000000b324                csma_security_parse_frame
 .text.uipbuf_add_ext_hdr
                0x000000000000b32a       0x1c build/sky/contiki-ng-sky.a(uipbuf.o)
                0x000000000000b32a                uipbuf_add_ext_hdr
 .text.uipbuf_set_len
                0x000000000000b346       0x12 build/sky/contiki-ng-sky.a(uipbuf.o)
                0x000000000000b346                uipbuf_set_len
 .text.uipbuf_set_len_field
                0x000000000000b358        0xe build/sky/contiki-ng-sky.a(uipbuf.o)
                0x000000000000b358                uipbuf_set_len_field
 .text.uipbuf_get_len_field
                0x000000000000b366        0xe build/sky/contiki-ng-sky.a(uipbuf.o)
                0x000000000000b366                uipbuf_get_len_field
 .text.uipbuf_get_next_header
                0x000000000000b374       0x6a build/sky/contiki-ng-sky.a(uipbuf.o)
                0x000000000000b374                uipbuf_get_next_header
 .text.uipbuf_get_last_header
                0x000000000000b3de       0x7a build/sky/contiki-ng-sky.a(uipbuf.o)
                0x000000000000b3de                uipbuf_get_last_header
 .text.uipbuf_search_header
                0x000000000000b458       0x88 build/sky/contiki-ng-sky.a(uipbuf.o)
                0x000000000000b458                uipbuf_search_header
 .text.uipbuf_get_attr
                0x000000000000b4e0       0x12 build/sky/contiki-ng-sky.a(uipbuf.o)
                0x000000000000b4e0                uipbuf_get_attr
 .text.uipbuf_set_attr
                0x000000000000b4f2       0x14 build/sky/contiki-ng-sky.a(uipbuf.o)
                0x000000000000b4f2                uipbuf_set_attr
 .text.uipbuf_clear_attr
                0x000000000000b506       0x12 build/sky/contiki-ng-sky.a(uipbuf.o)
                0x000000000000b506                uipbuf_clear_attr
 .text.uipbuf_clear
                0x000000000000b518       0x12 build/sky/contiki-ng-sky.a(uipbuf.o)
                0x000000000000b518                uipbuf_clear
 .text.uipbuf_init
                0x000000000000b52a       0x1a build/sky/contiki-ng-sky.a(uipbuf.o)
                0x000000000000b52a                uipbuf_init
 .text.echo_reply_input
                0x000000000000b544       0x68 build/sky/contiki-ng-sky.a(uip-icmp6.o)
 .text.echo_request_input
                0x000000000000b5ac       0x86 build/sky/contiki-ng-sky.a(uip-icmp6.o)
 .text.uip_icmp6_input
                0x000000000000b632       0x44 build/sky/contiki-ng-sky.a(uip-icmp6.o)
                0x000000000000b632                uip_icmp6_input
 .text.uip_icmp6_register_input_handler
                0x000000000000b676        0xc build/sky/contiki-ng-sky.a(uip-icmp6.o)
                0x000000000000b676                uip_icmp6_register_input_handler
 .text.uip_icmp6_error_output
                0x000000000000b682      0x146 build/sky/contiki-ng-sky.a(uip-icmp6.o)
                0x000000000000b682                uip_icmp6_error_output
 .text.uip_icmp6_send
                0x000000000000b7c8       0x8e build/sky/contiki-ng-sky.a(uip-icmp6.o)
                0x000000000000b7c8                uip_icmp6_send
 .text.uip_icmp6_init
                0x000000000000b856       0x12 build/sky/contiki-ng-sky.a(uip-icmp6.o)
                0x000000000000b856                uip_icmp6_init
 .text.uip_sr_get_node
                0x000000000000b868       0x54 build/sky/contiki-ng-sky.a(uip-sr.o)
                0x000000000000b868                uip_sr_get_node
 .text.uip_sr_is_addr_reachable
                0x000000000000b8bc       0x4e build/sky/contiki-ng-sky.a(uip-sr.o)
                0x000000000000b8bc                uip_sr_is_addr_reachable
 .text.uip_sr_expire_parent
                0x000000000000b90a       0x56 build/sky/contiki-ng-sky.a(uip-sr.o)
                0x000000000000b90a                uip_sr_expire_parent
 .text.uip_sr_update_node
                0x000000000000b960       0xbc build/sky/contiki-ng-sky.a(uip-sr.o)
                0x000000000000b960                uip_sr_update_node
 .text.uip_sr_init
                0x000000000000ba1c       0x16 build/sky/contiki-ng-sky.a(uip-sr.o)
                0x000000000000ba1c                uip_sr_init
 .text.uip_sr_periodic
                0x000000000000ba32       0x9a build/sky/contiki-ng-sky.a(uip-sr.o)
                0x000000000000ba32                uip_sr_periodic
 .text.uip_sr_free_all
                0x000000000000bacc       0x3c build/sky/contiki-ng-sky.a(uip-sr.o)
                0x000000000000bacc                uip_sr_free_all
 .text.get32    0x000000000000bb08       0x46 build/sky/contiki-ng-sky.a(rpl-icmp6.o)
 .text.set32    0x000000000000bb4e       0x2a build/sky/contiki-ng-sky.a(rpl-icmp6.o)
 .text.get16    0x000000000000bb78        0xe build/sky/contiki-ng-sky.a(rpl-icmp6.o)
 .text.set16    0x000000000000bb86       0x10 build/sky/contiki-ng-sky.a(rpl-icmp6.o)
 .text.dao_ack_input
                0x000000000000bb96       0x2a build/sky/contiki-ng-sky.a(rpl-icmp6.o)
 .text.dao_input
                0x000000000000bbc0      0x14c build/sky/contiki-ng-sky.a(rpl-icmp6.o)
 .text.dio_input
                0x000000000000bd0c      0x2a0 build/sky/contiki-ng-sky.a(rpl-icmp6.o)
 .text.dis_input
                0x000000000000bfac       0x1e build/sky/contiki-ng-sky.a(rpl-icmp6.o)
 .text.rpl_icmp6_update_nbr_table
                0x000000000000bfca       0x36 build/sky/contiki-ng-sky.a(rpl-icmp6.o)
                0x000000000000bfca                rpl_icmp6_update_nbr_table
 .text.rpl_icmp6_dis_output
                0x000000000000c000       0x34 build/sky/contiki-ng-sky.a(rpl-icmp6.o)
                0x000000000000c000                rpl_icmp6_dis_output
 .text.rpl_icmp6_dio_output
                0x000000000000c034      0x232 build/sky/contiki-ng-sky.a(rpl-icmp6.o)
                0x000000000000c034                rpl_icmp6_dio_output
 .text.rpl_icmp6_dao_output
                0x000000000000c266       0xe4 build/sky/contiki-ng-sky.a(rpl-icmp6.o)
                0x000000000000c266                rpl_icmp6_dao_output
 .text.rpl_icmp6_dao_ack_output
                0x000000000000c34a       0x44 build/sky/contiki-ng-sky.a(rpl-icmp6.o)
                0x000000000000c34a                rpl_icmp6_dao_ack_output
 .text.rpl_icmp6_init
                0x000000000000c38e       0x22 build/sky/contiki-ng-sky.a(rpl-icmp6.o)
                0x000000000000c38e                rpl_icmp6_init
 .text.acceptable_rank
                0x000000000000c3b0       0x3c build/sky/contiki-ng-sky.a(rpl-neighbor.o)
 .text.remove_neighbor
                0x000000000000c3ec       0x24 build/sky/contiki-ng-sky.a(rpl-neighbor.o)
 .text.rpl_neighbor_get_from_lladdr
                0x000000000000c410        0xc build/sky/contiki-ng-sky.a(rpl-neighbor.o)
                0x000000000000c410                rpl_neighbor_get_from_lladdr
 .text.rpl_neighbor_rank_via_nbr
                0x000000000000c41c       0x1c build/sky/contiki-ng-sky.a(rpl-neighbor.o)
                0x000000000000c41c                rpl_neighbor_rank_via_nbr
 .text.rpl_neighbor_get_lladdr
                0x000000000000c438        0xc build/sky/contiki-ng-sky.a(rpl-neighbor.o)
                0x000000000000c438                rpl_neighbor_get_lladdr
 .text.rpl_neighbor_get_ipaddr
                0x000000000000c444        0xa build/sky/contiki-ng-sky.a(rpl-neighbor.o)
                0x000000000000c444                rpl_neighbor_get_ipaddr
 .text.rpl_neighbor_get_link_stats
                0x000000000000c44e        0xa build/sky/contiki-ng-sky.a(rpl-neighbor.o)
                0x000000000000c44e                rpl_neighbor_get_link_stats
 .text.rpl_neighbor_is_fresh
                0x000000000000c458        0xa build/sky/contiki-ng-sky.a(rpl-neighbor.o)
                0x000000000000c458                rpl_neighbor_is_fresh
 .text.best_parent
                0x000000000000c462       0x72 build/sky/contiki-ng-sky.a(rpl-neighbor.o)
 .text.rpl_neighbor_set_preferred_parent
                0x000000000000c4d4       0x48 build/sky/contiki-ng-sky.a(rpl-neighbor.o)
                0x000000000000c4d4                rpl_neighbor_set_preferred_parent
 .text.rpl_neighbor_remove_all
                0x000000000000c51c       0x30 build/sky/contiki-ng-sky.a(rpl-neighbor.o)
                0x000000000000c51c                rpl_neighbor_remove_all
 .text.rpl_neighbor_get_from_ipaddr
                0x000000000000c54c       0x14 build/sky/contiki-ng-sky.a(rpl-neighbor.o)
                0x000000000000c54c                rpl_neighbor_get_from_ipaddr
 .text.rpl_neighbor_select_best
                0x000000000000c560       0x52 build/sky/contiki-ng-sky.a(rpl-neighbor.o)
                0x000000000000c560                rpl_neighbor_select_best
 .text.rpl_neighbor_init
                0x000000000000c5b2        0xe build/sky/contiki-ng-sky.a(rpl-neighbor.o)
                0x000000000000c5b2                rpl_neighbor_init
 .text.init_dag
                0x000000000000c5c0       0x80 build/sky/contiki-ng-sky.a(rpl-dag.o)
 .text.init_dag_from_dio
                0x000000000000c640       0x94 build/sky/contiki-ng-sky.a(rpl-dag.o)
 .text.rpl_dag_get_root_ipaddr
                0x000000000000c6d4       0x22 build/sky/contiki-ng-sky.a(rpl-dag.o)
                0x000000000000c6d4                rpl_dag_get_root_ipaddr
 .text.rpl_dag_leave
                0x000000000000c6f6       0x4c build/sky/contiki-ng-sky.a(rpl-dag.o)
                0x000000000000c6f6                rpl_dag_leave
 .text.rpl_dag_poison_and_leave
                0x000000000000c742        0xc build/sky/contiki-ng-sky.a(rpl-dag.o)
                0x000000000000c742                rpl_dag_poison_and_leave
 .text.rpl_dag_periodic
                0x000000000000c74e       0x6a build/sky/contiki-ng-sky.a(rpl-dag.o)
                0x000000000000c74e                rpl_dag_periodic
 .text.rpl_is_addr_in_our_dag
                0x000000000000c7b8       0x34 build/sky/contiki-ng-sky.a(rpl-dag.o)
                0x000000000000c7b8                rpl_is_addr_in_our_dag
 .text.rpl_local_repair
                0x000000000000c7ec       0x2a build/sky/contiki-ng-sky.a(rpl-dag.o)
                0x000000000000c7ec                rpl_local_repair
 .text.rpl_global_repair
                0x000000000000c816       0x2e build/sky/contiki-ng-sky.a(rpl-dag.o)
                0x000000000000c816                rpl_global_repair
 .text.rpl_dag_ready_to_advertise
                0x000000000000c844       0x26 build/sky/contiki-ng-sky.a(rpl-dag.o)
                0x000000000000c844                rpl_dag_ready_to_advertise
 .text.rpl_dag_update_state
                0x000000000000c86a      0x140 build/sky/contiki-ng-sky.a(rpl-dag.o)
                0x000000000000c86a                rpl_dag_update_state
 .text.rpl_process_dio
                0x000000000000c9aa      0x1ea build/sky/contiki-ng-sky.a(rpl-dag.o)
                0x000000000000c9aa                rpl_process_dio
 .text.rpl_process_dis
                0x000000000000cb94       0x2a build/sky/contiki-ng-sky.a(rpl-dag.o)
                0x000000000000cb94                rpl_process_dis
 .text.rpl_process_dao
                0x000000000000cbbe       0x66 build/sky/contiki-ng-sky.a(rpl-dag.o)
                0x000000000000cbbe                rpl_process_dao
 .text.rpl_process_dao_ack
                0x000000000000cc24       0x54 build/sky/contiki-ng-sky.a(rpl-dag.o)
                0x000000000000cc24                rpl_process_dao_ack
 .text.rpl_process_hbh
                0x000000000000cc78       0x2e build/sky/contiki-ng-sky.a(rpl-dag.o)
                0x000000000000cc78                rpl_process_hbh
 .text.rpl_dag_init_root
                0x000000000000cca6       0xbc build/sky/contiki-ng-sky.a(rpl-dag.o)
                0x000000000000cca6                rpl_dag_init_root
 .text.rpl_dag_init
                0x000000000000cd62       0x10 build/sky/contiki-ng-sky.a(rpl-dag.o)
                0x000000000000cd62                rpl_dag_init
 .text.handle_state_update
                0x000000000000cd72        0x6 build/sky/contiki-ng-sky.a(rpl-timers.o)
 .text.handle_leaving_timer
                0x000000000000cd78        0xc build/sky/contiki-ng-sky.a(rpl-timers.o)
 .text.schedule_dao_retransmission
                0x000000000000cd84       0x34 build/sky/contiki-ng-sky.a(rpl-timers.o)
 .text.new_dio_interval
                0x000000000000cdb8       0x8a build/sky/contiki-ng-sky.a(rpl-timers.o)
 .text.handle_unicast_dio_timer
                0x000000000000ce42       0x12 build/sky/contiki-ng-sky.a(rpl-timers.o)
 .text.send_new_dao
                0x000000000000ce54       0x28 build/sky/contiki-ng-sky.a(rpl-timers.o)
 .text.resend_dao
                0x000000000000ce7c       0x24 build/sky/contiki-ng-sky.a(rpl-timers.o)
 .text.handle_dao_ack_timer
                0x000000000000cea0       0x12 build/sky/contiki-ng-sky.a(rpl-timers.o)
 .text.handle_dio_timer
                0x000000000000ceb2       0x6e build/sky/contiki-ng-sky.a(rpl-timers.o)
 .text.rpl_timers_schedule_periodic_dis
                0x000000000000cf20       0x40 build/sky/contiki-ng-sky.a(rpl-timers.o)
                0x000000000000cf20                rpl_timers_schedule_periodic_dis
 .text.handle_periodic_timer
                0x000000000000cf60       0x3a build/sky/contiki-ng-sky.a(rpl-timers.o)
 .text.handle_dis_timer
                0x000000000000cf9a       0x26 build/sky/contiki-ng-sky.a(rpl-timers.o)
 .text.rpl_timers_dio_reset
                0x000000000000cfc0       0x2e build/sky/contiki-ng-sky.a(rpl-timers.o)
                0x000000000000cfc0                rpl_timers_dio_reset
 .text.rpl_timers_schedule_unicast_dio
                0x000000000000cfee       0x20 build/sky/contiki-ng-sky.a(rpl-timers.o)
                0x000000000000cfee                rpl_timers_schedule_unicast_dio
 .text.rpl_timers_schedule_dao
                0x000000000000d00e       0x3a build/sky/contiki-ng-sky.a(rpl-timers.o)
                0x000000000000d00e                rpl_timers_schedule_dao
 .text.rpl_timers_schedule_dao_ack
                0x000000000000d048       0x34 build/sky/contiki-ng-sky.a(rpl-timers.o)
                0x000000000000d048                rpl_timers_schedule_dao_ack
 .text.rpl_timers_notify_dao_ack
                0x000000000000d07c       0x74 build/sky/contiki-ng-sky.a(rpl-timers.o)
                0x000000000000d07c                rpl_timers_notify_dao_ack
 .text.get_probing_delay
                0x000000000000d0f0       0x1c build/sky/contiki-ng-sky.a(rpl-timers.o)
                0x000000000000d0f0                get_probing_delay
 .text.get_probing_target
                0x000000000000d10c       0xec build/sky/contiki-ng-sky.a(rpl-timers.o)
                0x000000000000d10c                get_probing_target
 .text.rpl_schedule_probing
                0x000000000000d1f8       0x20 build/sky/contiki-ng-sky.a(rpl-timers.o)
                0x000000000000d1f8                rpl_schedule_probing
 .text.handle_probing_timer
                0x000000000000d218       0x2a build/sky/contiki-ng-sky.a(rpl-timers.o)
 .text.rpl_schedule_probing_now
                0x000000000000d242       0x32 build/sky/contiki-ng-sky.a(rpl-timers.o)
                0x000000000000d242                rpl_schedule_probing_now
 .text.rpl_timers_unschedule_leaving
                0x000000000000d274       0x1c build/sky/contiki-ng-sky.a(rpl-timers.o)
                0x000000000000d274                rpl_timers_unschedule_leaving
 .text.rpl_timers_schedule_leaving
                0x000000000000d290       0x2a build/sky/contiki-ng-sky.a(rpl-timers.o)
                0x000000000000d290                rpl_timers_schedule_leaving
 .text.rpl_timers_init
                0x000000000000d2ba       0x1c build/sky/contiki-ng-sky.a(rpl-timers.o)
                0x000000000000d2ba                rpl_timers_init
 .text.rpl_timers_stop_dag_timers
                0x000000000000d2d6       0x4c build/sky/contiki-ng-sky.a(rpl-timers.o)
                0x000000000000d2d6                rpl_timers_stop_dag_timers
 .text.rpl_timers_unschedule_state_update
                0x000000000000d322       0x10 build/sky/contiki-ng-sky.a(rpl-timers.o)
                0x000000000000d322                rpl_timers_unschedule_state_update
 .text.rpl_timers_schedule_state_update
                0x000000000000d332       0x1c build/sky/contiki-ng-sky.a(rpl-timers.o)
                0x000000000000d332                rpl_timers_schedule_state_update
 .text.update_hbh_header
                0x000000000000d34e       0x4e build/sky/contiki-ng-sky.a(rpl-ext-header.)
 .text.rpl_ext_header_srh_get_next_hop
                0x000000000000d39c       0x86 build/sky/contiki-ng-sky.a(rpl-ext-header.)
                0x000000000000d39c                rpl_ext_header_srh_get_next_hop
 .text.rpl_ext_header_srh_update
                0x000000000000d422      0x150 build/sky/contiki-ng-sky.a(rpl-ext-header.)
                0x000000000000d422                rpl_ext_header_srh_update
 .text.rpl_ext_header_hbh_update
                0x000000000000d572       0x98 build/sky/contiki-ng-sky.a(rpl-ext-header.)
                0x000000000000d572                rpl_ext_header_hbh_update
 .text.rpl_ext_header_remove
                0x000000000000d60a      0x164 build/sky/contiki-ng-sky.a(rpl-ext-header.)
                0x000000000000d60a                rpl_ext_header_remove
 .text.rpl_ext_header_update
                0x000000000000d76e      0x2c8 build/sky/contiki-ng-sky.a(rpl-ext-header.)
                0x000000000000d76e                rpl_ext_header_update
 .text.get_rank
                0x000000000000da36       0x16 build/sky/contiki-ng-sky.a(rpl-nbr-policy.)
 .text.rpl_nbr_gc_get_worst
                0x000000000000da4c       0x28 build/sky/contiki-ng-sky.a(rpl-nbr-policy.)
                0x000000000000da4c                rpl_nbr_gc_get_worst
 .text.reset    0x000000000000da74        0x2 build/sky/contiki-ng-sky.a(rpl-mrhof.o)
 .text.update_metric_container
                0x000000000000da76        0x6 build/sky/contiki-ng-sky.a(rpl-mrhof.o)
 .text.nbr_link_metric
                0x000000000000da7c       0x12 build/sky/contiki-ng-sky.a(rpl-mrhof.o)
 .text.nbr_has_usable_link
                0x000000000000da8e       0x14 build/sky/contiki-ng-sky.a(rpl-mrhof.o)
 .text.nbr_path_cost
                0x000000000000daa2       0x38 build/sky/contiki-ng-sky.a(rpl-mrhof.o)
 .text.within_hysteresis
                0x000000000000dada       0x5a build/sky/contiki-ng-sky.a(rpl-mrhof.o)
 .text.nbr_is_acceptable_parent
                0x000000000000db34       0x2c build/sky/contiki-ng-sky.a(rpl-mrhof.o)
 .text.rank_via_nbr
                0x000000000000db60       0x48 build/sky/contiki-ng-sky.a(rpl-mrhof.o)
 .text.best_parent
                0x000000000000dba8       0x7e build/sky/contiki-ng-sky.a(rpl-mrhof.o)
 .text.spi_init
                0x000000000000dc26       0x32 build/sky/contiki-ng-sky.a(spi-legacy.o)
                0x000000000000dc26                spi_init
 .text.libgcc   0x000000000000dc58       0x2c /usr/lib/gcc/msp430/4.6.3/mmpy-16/libgcc.a(_mulsi3.o)
                0x000000000000dc58                __mulsi3
 .text.libgcc   0x000000000000dc84       0x22 /usr/lib/gcc/msp430/4.6.3/mmpy-16/libgcc.a(_udivmod16.o)
                0x000000000000dc84                __udivhi3
                0x000000000000dc84                __ext_udivmod16
                0x000000000000dc9e                __umodhi3
 .text.libgcc   0x000000000000dca6       0x3a /usr/lib/gcc/msp430/4.6.3/mmpy-16/libgcc.a(_divmod16.o)
                0x000000000000dca6                __ext_divmod16
                0x000000000000dca6                __divhi3
                0x000000000000dcd8                __modhi3
 .text.libgcc   0x000000000000dce0       0x40 /usr/lib/gcc/msp430/4.6.3/mmpy-16/libgcc.a(_udivmod32.o)
                0x000000000000dce0                __udivsi3
                0x000000000000dce0                __ext_udivmod32
                0x000000000000dd16                __umodsi3
 .text.libgcc   0x000000000000dd20       0x4c /usr/lib/gcc/msp430/4.6.3/mmpy-16/libgcc.a(_divmod32.o)
                0x000000000000dd20                __ext_divmod32
                0x000000000000dd20                __divsi3
                0x000000000000dd62                __modsi3
 .text          0x000000000000dd6c       0x20 /usr/lib/gcc/msp430/4.6.3/../../../../msp430/lib/mmpy-16/libc.a(memcmp.o)
                0x000000000000dd6c                memcmp
 .text          0x000000000000dd8c       0xfa /usr/lib/gcc/msp430/4.6.3/../../../../msp430/lib/mmpy-16/libc.a(memcpy.o)
                0x000000000000dd8c                memcpy
 .text          0x000000000000de86       0xfa /usr/lib/gcc/msp430/4.6.3/../../../../msp430/lib/mmpy-16/libc.a(memmove.o)
                0x000000000000de86                memmove
 .text          0x000000000000df80       0x6a /usr/lib/gcc/msp430/4.6.3/../../../../msp430/lib/mmpy-16/libc.a(memset.o)
                0x000000000000df80                memset
 .text          0x000000000000dfea       0x1e /usr/lib/gcc/msp430/4.6.3/../../../../msp430/lib/mmpy-16/libc.a(printf.o)
                0x000000000000dfea                printf
                0x000000000000dffa                vprintf
 .text          0x000000000000e008       0xbc /usr/lib/gcc/msp430/4.6.3/../../../../msp430/lib/mmpy-16/libc.a(sprintf.o)
                0x000000000000e066                sprintf
                0x000000000000e082                snprintf
                0x000000000000e09c                vsprintf
                0x000000000000e0b2                vsnprintf
 .text          0x000000000000e0c4      0x836 /usr/lib/gcc/msp430/4.6.3/../../../../msp430/lib/mmpy-16/libc.a(vuprintf.o)
                0x000000000000e25c                vuprintf
 .text          0x000000000000e8fa       0x2c /usr/lib/gcc/msp430/4.6.3/../../../../msp430/lib/mmpy-16/libc.a(puts.o)
                0x000000000000e8fa                puts
 .text          0x000000000000e926       0x54 /usr/lib/gcc/msp430/4.6.3/../../../../msp430/lib/mmpy-16/libc.a(rand.o)
                0x000000000000e926                rand_r
                0x000000000000e94a                rand
                0x000000000000e970                srand
 .text.libgcc   0x000000000000e97a       0xf0 /usr/lib/gcc/msp430/4.6.3/mmpy-16/libgcc.a(_udivmod64.o)
                0x000000000000e97a                __xabi_udivmod64
                0x000000000000e9d8                __udivdi3
                0x000000000000e9fe                __umoddi3
                0x000000000000ea2c                __udivmoddi4
 .text.crt0     0x000000000000ea6a        0x2 /usr/lib/gcc/msp430/4.6.3/mmpy-16/libcrt0.a(_unexpected_.o)
                0x000000000000ea6a                _unexpected_
                0x000000000000ea6c                . = ALIGN (0x2)

.rodata         0x000000000000ea6c      0x4c8
                0x000000000000ea6c                . = ALIGN (0x2)
 *(.rodata .rodata.* .gnu.linkonce.r.*)
 .rodata        0x000000000000ea6c       0x2a ledp.o
                0x000000000000ea80                autostart_processes
 .rodata        0x000000000000ea96       0xed build/sky/obj/contiki-main.o
 .rodata        0x000000000000eb83       0x31 build/sky/contiki-ng-sky.a(platform.o)
 .rodata        0x000000000000ebb4        0xc build/sky/contiki-ng-sky.a(etimer.o)
 .rodata        0x000000000000ebc0       0xb6 build/sky/contiki-ng-sky.a(log.o)
 .rodata        0x000000000000ec76        0xf build/sky/contiki-ng-sky.a(ctimer.o)
 .rodata        0x000000000000ec85       0x6a build/sky/contiki-ng-sky.a(stack-check.o)
 *fill*         0x000000000000ecef        0x1 00
 .rodata        0x000000000000ecf0        0x8 build/sky/contiki-ng-sky.a(linkaddr.o)
                0x000000000000ecf0                linkaddr_null
 .rodata        0x000000000000ecf8       0x14 build/sky/contiki-ng-sky.a(csma.o)
                0x000000000000ecfe                csma_driver
 .rodata        0x000000000000ed0c       0x2d build/sky/contiki-ng-sky.a(uiplib.o)
 .rodata        0x000000000000ed39        0xd build/sky/contiki-ng-sky.a(tcpip.o)
 .rodata        0x000000000000ed46       0x26 build/sky/contiki-ng-sky.a(sicslowpan.o)
                0x000000000000ed52                sicslowpan_driver
                0x000000000000ed5a                llprefix
                0x000000000000ed5c                unc_mxconf
                0x000000000000ed60                unc_ctxconf
                0x000000000000ed64                unc_llconf
 .rodata        0x000000000000ed6c       0x34 build/sky/contiki-ng-sky.a(rpl.o)
                0x000000000000ed76                rpl_lite_driver
 .rodata        0x000000000000eda0       0x10 build/sky/contiki-ng-sky.a(button-sensor.o)
                0x000000000000eda8                button_sensor
 .rodata        0x000000000000edb0        0x8 build/sky/contiki-ng-sky.a(sensors.o)
 .rodata        0x000000000000edb8       0x80 build/sky/contiki-ng-sky.a(cc2420.o)
                0x000000000000edfa                cc2420_aes_128_driver
                0x000000000000edfe                cc2420_driver
 .rodata        0x000000000000ee38        0x6 build/sky/contiki-ng-sky.a(framer-802154.o)
                0x000000000000ee38                framer_802154
 .rodata        0x000000000000ee3e        0x2 build/sky/contiki-ng-sky.a(frame802154.o)
 .rodata        0x000000000000ee40       0xe0 build/sky/contiki-ng-sky.a(rpl-dag.o)
 .rodata        0x000000000000ef20        0xc build/sky/contiki-ng-sky.a(rpl-timers.o)
 .rodata        0x000000000000ef2c        0x7 /usr/lib/gcc/msp430/4.6.3/../../../../msp430/lib/mmpy-16/libc.a(vuprintf.o)
                0x000000000000ef34                . = ALIGN (0x2)
 *fill*         0x000000000000ef33        0x1 00
                0x000000000000ef34                _etext = .

.data           0x0000000000001100      0x13a load address 0x000000000000ef34
                0x0000000000001100                . = ALIGN (0x2)
                0x0000000000001100                PROVIDE (__data_start, .)
 *(.data .data.* .gnu.linkonce.d.*)
 .data          0x0000000000001100        0xa ledp.o
                0x0000000000001100                blink_process
 .data          0x000000000000110a        0x2 build/sky/contiki-ng-sky.a(msp430.o)
 .data          0x000000000000110c        0xa build/sky/contiki-ng-sky.a(etimer.o)
                0x000000000000110c                etimer_process
 .data          0x0000000000001116       0x50 build/sky/contiki-ng-sky.a(log.o)
                0x0000000000001116                all_modules
                0x0000000000001164                curr_log_level_main
 .data          0x0000000000001166        0xa build/sky/contiki-ng-sky.a(ctimer.o)
                0x0000000000001166                ctimer_process
 .data          0x0000000000001170        0xa build/sky/contiki-ng-sky.a(stack-check.o)
                0x0000000000001170                stack_check_process
 .data          0x000000000000117a       0x10 build/sky/contiki-ng-sky.a(queuebuf.o)
 .data          0x000000000000118a       0x18 build/sky/contiki-ng-sky.a(csma-output.o)
 .data          0x00000000000011a2        0xa build/sky/contiki-ng-sky.a(tcpip.o)
                0x00000000000011a2                tcpip_process
 .data          0x00000000000011ac        0x8 build/sky/contiki-ng-sky.a(uip-ds6-route.o)
 .data          0x00000000000011b4        0x8 build/sky/contiki-ng-sky.a(uip-ds6-nbr.o)
 .data          0x00000000000011bc        0x6 build/sky/contiki-ng-sky.a(uip-nd6.o)
 .data          0x00000000000011c2        0x4 build/sky/contiki-ng-sky.a(contiki-sky-pla)
                0x00000000000011c2                sensors
 .data          0x00000000000011c6        0xa build/sky/contiki-ng-sky.a(sensors.o)
                0x00000000000011c6                sensors_process
 .data          0x00000000000011d0        0xc build/sky/contiki-ng-sky.a(cc2420.o)
                0x00000000000011d0                cc2420_process
 .data          0x00000000000011dc        0x8 build/sky/contiki-ng-sky.a(nbr-table.o)
 .data          0x00000000000011e4        0x8 build/sky/contiki-ng-sky.a(link-stats.o)
 .data          0x00000000000011ec        0x2 build/sky/contiki-ng-sky.a(frame802154.o)
 .data          0x00000000000011ee        0xc build/sky/contiki-ng-sky.a(uip-icmp6.o)
 .data          0x00000000000011fa        0x8 build/sky/contiki-ng-sky.a(uip-sr.o)
 .data          0x0000000000001202       0x18 build/sky/contiki-ng-sky.a(rpl-icmp6.o)
 .data          0x000000000000121a        0xa build/sky/contiki-ng-sky.a(rpl-neighbor.o)
                0x000000000000121a                rpl_neighbors